Archive member included to satisfy reference by file (symbol)

c:/st/stm32cubeide_1.5.1/stm32cubeide/plugins/com.st.stm32cube.ide.mcu.externaltools.gnu-tools-for-stm32.7-2018-q2-update.win32_1.5.0.202011040924/tools/bin/../lib/gcc/arm-none-eabi/7.3.1/../../../../arm-none-eabi/lib/thumb/v7e-m/fpv4-sp/hard\libm.a(lib_a-s_cos.o)
                              Core/Src/kanayama.o (cos)
c:/st/stm32cubeide_1.5.1/stm32cubeide/plugins/com.st.stm32cube.ide.mcu.externaltools.gnu-tools-for-stm32.7-2018-q2-update.win32_1.5.0.202011040924/tools/bin/../lib/gcc/arm-none-eabi/7.3.1/../../../../arm-none-eabi/lib/thumb/v7e-m/fpv4-sp/hard\libm.a(lib_a-s_sin.o)
                              Core/Src/kanayama.o (sin)
c:/st/stm32cubeide_1.5.1/stm32cubeide/plugins/com.st.stm32cube.ide.mcu.externaltools.gnu-tools-for-stm32.7-2018-q2-update.win32_1.5.0.202011040924/tools/bin/../lib/gcc/arm-none-eabi/7.3.1/../../../../arm-none-eabi/lib/thumb/v7e-m/fpv4-sp/hard\libm.a(lib_a-sf_cos.o)
                              Core/Src/kanayama.o (cosf)
c:/st/stm32cubeide_1.5.1/stm32cubeide/plugins/com.st.stm32cube.ide.mcu.externaltools.gnu-tools-for-stm32.7-2018-q2-update.win32_1.5.0.202011040924/tools/bin/../lib/gcc/arm-none-eabi/7.3.1/../../../../arm-none-eabi/lib/thumb/v7e-m/fpv4-sp/hard\libm.a(lib_a-sf_sin.o)
                              Core/Src/kanayama.o (sinf)
c:/st/stm32cubeide_1.5.1/stm32cubeide/plugins/com.st.stm32cube.ide.mcu.externaltools.gnu-tools-for-stm32.7-2018-q2-update.win32_1.5.0.202011040924/tools/bin/../lib/gcc/arm-none-eabi/7.3.1/../../../../arm-none-eabi/lib/thumb/v7e-m/fpv4-sp/hard\libm.a(lib_a-e_rem_pio2.o)
                              c:/st/stm32cubeide_1.5.1/stm32cubeide/plugins/com.st.stm32cube.ide.mcu.externaltools.gnu-tools-for-stm32.7-2018-q2-update.win32_1.5.0.202011040924/tools/bin/../lib/gcc/arm-none-eabi/7.3.1/../../../../arm-none-eabi/lib/thumb/v7e-m/fpv4-sp/hard\libm.a(lib_a-s_cos.o) (__ieee754_rem_pio2)
c:/st/stm32cubeide_1.5.1/stm32cubeide/plugins/com.st.stm32cube.ide.mcu.externaltools.gnu-tools-for-stm32.7-2018-q2-update.win32_1.5.0.202011040924/tools/bin/../lib/gcc/arm-none-eabi/7.3.1/../../../../arm-none-eabi/lib/thumb/v7e-m/fpv4-sp/hard\libm.a(lib_a-ef_rem_pio2.o)
                              c:/st/stm32cubeide_1.5.1/stm32cubeide/plugins/com.st.stm32cube.ide.mcu.externaltools.gnu-tools-for-stm32.7-2018-q2-update.win32_1.5.0.202011040924/tools/bin/../lib/gcc/arm-none-eabi/7.3.1/../../../../arm-none-eabi/lib/thumb/v7e-m/fpv4-sp/hard\libm.a(lib_a-sf_cos.o) (__ieee754_rem_pio2f)
c:/st/stm32cubeide_1.5.1/stm32cubeide/plugins/com.st.stm32cube.ide.mcu.externaltools.gnu-tools-for-stm32.7-2018-q2-update.win32_1.5.0.202011040924/tools/bin/../lib/gcc/arm-none-eabi/7.3.1/../../../../arm-none-eabi/lib/thumb/v7e-m/fpv4-sp/hard\libm.a(lib_a-k_cos.o)
                              c:/st/stm32cubeide_1.5.1/stm32cubeide/plugins/com.st.stm32cube.ide.mcu.externaltools.gnu-tools-for-stm32.7-2018-q2-update.win32_1.5.0.202011040924/tools/bin/../lib/gcc/arm-none-eabi/7.3.1/../../../../arm-none-eabi/lib/thumb/v7e-m/fpv4-sp/hard\libm.a(lib_a-s_cos.o) (__kernel_cos)
c:/st/stm32cubeide_1.5.1/stm32cubeide/plugins/com.st.stm32cube.ide.mcu.externaltools.gnu-tools-for-stm32.7-2018-q2-update.win32_1.5.0.202011040924/tools/bin/../lib/gcc/arm-none-eabi/7.3.1/../../../../arm-none-eabi/lib/thumb/v7e-m/fpv4-sp/hard\libm.a(lib_a-k_rem_pio2.o)
                              c:/st/stm32cubeide_1.5.1/stm32cubeide/plugins/com.st.stm32cube.ide.mcu.externaltools.gnu-tools-for-stm32.7-2018-q2-update.win32_1.5.0.202011040924/tools/bin/../lib/gcc/arm-none-eabi/7.3.1/../../../../arm-none-eabi/lib/thumb/v7e-m/fpv4-sp/hard\libm.a(lib_a-e_rem_pio2.o) (__kernel_rem_pio2)
c:/st/stm32cubeide_1.5.1/stm32cubeide/plugins/com.st.stm32cube.ide.mcu.externaltools.gnu-tools-for-stm32.7-2018-q2-update.win32_1.5.0.202011040924/tools/bin/../lib/gcc/arm-none-eabi/7.3.1/../../../../arm-none-eabi/lib/thumb/v7e-m/fpv4-sp/hard\libm.a(lib_a-k_sin.o)
                              c:/st/stm32cubeide_1.5.1/stm32cubeide/plugins/com.st.stm32cube.ide.mcu.externaltools.gnu-tools-for-stm32.7-2018-q2-update.win32_1.5.0.202011040924/tools/bin/../lib/gcc/arm-none-eabi/7.3.1/../../../../arm-none-eabi/lib/thumb/v7e-m/fpv4-sp/hard\libm.a(lib_a-s_cos.o) (__kernel_sin)
c:/st/stm32cubeide_1.5.1/stm32cubeide/plugins/com.st.stm32cube.ide.mcu.externaltools.gnu-tools-for-stm32.7-2018-q2-update.win32_1.5.0.202011040924/tools/bin/../lib/gcc/arm-none-eabi/7.3.1/../../../../arm-none-eabi/lib/thumb/v7e-m/fpv4-sp/hard\libm.a(lib_a-kf_cos.o)
                              c:/st/stm32cubeide_1.5.1/stm32cubeide/plugins/com.st.stm32cube.ide.mcu.externaltools.gnu-tools-for-stm32.7-2018-q2-update.win32_1.5.0.202011040924/tools/bin/../lib/gcc/arm-none-eabi/7.3.1/../../../../arm-none-eabi/lib/thumb/v7e-m/fpv4-sp/hard\libm.a(lib_a-sf_cos.o) (__kernel_cosf)
[...]
Memory Configuration

Name             Origin             Length             Attributes
CCMRAM           0x0000000010000000 0x0000000000010000 xrw
RAM              0x0000000020000000 0x0000000000020000 xrw
FLASH            0x0000000008000000 0x0000000000100000 xr
*default*        0x0000000000000000 0xffffffffffffffff

Linker script and memory map

LOAD c:/st/stm32cubeide_1.5.1/stm32cubeide/plugins/com.st.stm32cube.ide.mcu.externaltools.gnu-tools-for-stm32.7-2018-q2-update.win32_1.5.0.202011040924/tools/bin/../lib/gcc/arm-none-eabi/7.3.1/thumb/v7e-m/fpv4-sp/hard/crti.o
LOAD c:/st/stm32cubeide_1.5.1/stm32cubeide/plugins/com.st.stm32cube.ide.mcu.externaltools.gnu-tools-for-stm32.7-2018-q2-update.win32_1.5.0.202011040924/tools/bin/../lib/gcc/arm-none-eabi/7.3.1/thumb/v7e-m/fpv4-sp/hard/crtbegin.o
LOAD c:/st/stm32cubeide_1.5.1/stm32cubeide/plugins/com.st.stm32cube.ide.mcu.externaltools.gnu-tools-for-stm32.7-2018-q2-update.win32_1.5.0.202011040924/tools/bin/../lib/gcc/arm-none-eabi/7.3.1/../../../../arm-none-eabi/lib/thumb/v7e-m/fpv4-sp/hard/crt0.o
LOAD Core/Src/AngleCtrl.o
LOAD Core/Src/Encoder.o
LOAD Core/Src/Flash_F405.o
LOAD Core/Src/IMU.o
LOAD Core/Src/LED.o
LOAD Core/Src/LineChase.o
LOAD Core/Src/LineSensor.o
LOAD Core/Src/Logger.o
LOAD Core/Src/MPU6500.o
LOAD Core/Src/Velocity_Ctrl.o
LOAD Core/Src/kanayama.o
LOAD Core/Src/main.o
LOAD Core/Src/motor.o
LOAD Core/Src/sideSensor.o
LOAD Core/Src/stm32f4xx_hal_msp.o
LOAD Core/Src/stm32f4xx_it.o
LOAD Core/Src/switch.o
LOAD Core/Src/syscalls.o
LOAD Core/Src/sysmem.o
LOAD Core/Src/system_stm32f4xx.o
LOAD Core/Startup/startup_stm32f405rgtx.o
LOAD Drivers/STM32F4xx_HAL_Driver/Src/stm32f4xx_hal.o
LOAD Drivers/STM32F4xx_HAL_Driver/Src/stm32f4xx_hal_adc.o
LOAD Drivers/STM32F4xx_HAL_Driver/Src/stm32f4xx_hal_adc_ex.o
LOAD Drivers/STM32F4xx_HAL_Driver/Src/stm32f4xx_hal_cortex.o
LOAD Drivers/STM32F4xx_HAL_Driver/Src/stm32f4xx_hal_dma.o
LOAD Drivers/STM32F4xx_HAL_Driver/Src/stm32f4xx_hal_dma_ex.o
LOAD Drivers/STM32F4xx_HAL_Driver/Src/stm32f4xx_hal_exti.o
LOAD Drivers/STM32F4xx_HAL_Driver/Src/stm32f4xx_hal_flash.o
LOAD Drivers/STM32F4xx_HAL_Driver/Src/stm32f4xx_hal_flash_ex.o
LOAD Drivers/STM32F4xx_HAL_Driver/Src/stm32f4xx_hal_flash_ramfunc.o
LOAD Drivers/STM32F4xx_HAL_Driver/Src/stm32f4xx_hal_gpio.o
LOAD Drivers/STM32F4xx_HAL_Driver/Src/stm32f4xx_hal_i2c.o
LOAD Drivers/STM32F4xx_HAL_Driver/Src/stm32f4xx_hal_i2c_ex.o
LOAD Drivers/STM32F4xx_HAL_Driver/Src/stm32f4xx_hal_pwr.o
LOAD Drivers/STM32F4xx_HAL_Driver/Src/stm32f4xx_hal_pwr_ex.o
LOAD Drivers/STM32F4xx_HAL_Driver/Src/stm32f4xx_hal_rcc.o
LOAD Drivers/STM32F4xx_HAL_Driver/Src/stm32f4xx_hal_rcc_ex.o
LOAD Drivers/STM32F4xx_HAL_Driver/Src/stm32f4xx_hal_spi.o
LOAD Drivers/STM32F4xx_HAL_Driver/Src/stm32f4xx_hal_tim.o
LOAD Drivers/STM32F4xx_HAL_Driver/Src/stm32f4xx_hal_tim_ex.o
LOAD Drivers/STM32F4xx_HAL_Driver/Src/stm32f4xx_hal_uart.o
START GROUP
LOAD c:/st/stm32cubeide_1.5.1/stm32cubeide/plugins/com.st.stm32cube.ide.mcu.externaltools.gnu-tools-for-stm32.7-2018-q2-update.win32_1.5.0.202011040924/tools/bin/../lib/gcc/arm-none-eabi/7.3.1/../../../../arm-none-eabi/lib/thumb/v7e-m/fpv4-sp/hard\libstdc++_nano.a
LOAD c:/st/stm32cubeide_1.5.1/stm32cubeide/plugins/com.st.stm32cube.ide.mcu.externaltools.gnu-tools-for-stm32.7-2018-q2-update.win32_1.5.0.202011040924/tools/bin/../lib/gcc/arm-none-eabi/7.3.1/../../../../arm-none-eabi/lib/thumb/v7e-m/fpv4-sp/hard\libsupc++_nano.a
END GROUP
LOAD c:/st/stm32cubeide_1.5.1/stm32cubeide/plugins/com.st.stm32cube.ide.mcu.externaltools.gnu-tools-for-stm32.7-2018-q2-update.win32_1.5.0.202011040924/tools/bin/../lib/gcc/arm-none-eabi/7.3.1/../../../../arm-none-eabi/lib/thumb/v7e-m/fpv4-sp/hard\libstdc++_nano.a
LOAD c:/st/stm32cubeide_1.5.1/stm32cubeide/plugins/com.st.stm32cube.ide.mcu.externaltools.gnu-tools-for-stm32.7-2018-q2-update.win32_1.5.0.202011040924/tools/bin/../lib/gcc/arm-none-eabi/7.3.1/../../../../arm-none-eabi/lib/thumb/v7e-m/fpv4-sp/hard\libm.a
LOAD c:/st/stm32cubeide_1.5.1/stm32cubeide/plugins/com.st.stm32cube.ide.mcu.externaltools.gnu-tools-for-stm32.7-2018-q2-update.win32_1.5.0.202011040924/tools/bin/../lib/gcc/arm-none-eabi/7.3.1/../../../../arm-none-eabi/lib/thumb/v7e-m/fpv4-sp/hard\libc_nano.a
START GROUP
LOAD c:/st/stm32cubeide_1.5.1/stm32cubeide/plugins/com.st.stm32cube.ide.mcu.externaltools.gnu-tools-for-stm32.7-2018-q2-update.win32_1.5.0.202011040924/tools/bin/../lib/gcc/arm-none-eabi/7.3.1/thumb/v7e-m/fpv4-sp/hard\libgcc.a
LOAD c:/st/stm32cubeide_1.5.1/stm32cubeide/plugins/com.st.stm32cube.ide.mcu.externaltools.gnu-tools-for-stm32.7-2018-q2-update.win32_1.5.0.202011040924/tools/bin/../lib/gcc/arm-none-eabi/7.3.1/../../../../arm-none-eabi/lib/thumb/v7e-m/fpv4-sp/hard\libc_nano.a
END GROUP
START GROUP
LOAD c:/st/stm32cubeide_1.5.1/stm32cubeide/plugins/com.st.stm32cube.ide.mcu.externaltools.gnu-tools-for-stm32.7-2018-q2-update.win32_1.5.0.202011040924/tools/bin/../lib/gcc/arm-none-eabi/7.3.1/thumb/v7e-m/fpv4-sp/hard\libgcc.a
LOAD c:/st/stm32cubeide_1.5.1/stm32cubeide/plugins/com.st.stm32cube.ide.mcu.externaltools.gnu-tools-for-stm32.7-2018-q2-update.win32_1.5.0.202011040924/tools/bin/../lib/gcc/arm-none-eabi/7.3.1/../../../../arm-none-eabi/lib/thumb/v7e-m/fpv4-sp/hard\libc_nano.a
LOAD c:/st/stm32cubeide_1.5.1/stm32cubeide/plugins/com.st.stm32cube.ide.mcu.externaltools.gnu-tools-for-stm32.7-2018-q2-update.win32_1.5.0.202011040924/tools/bin/../lib/gcc/arm-none-eabi/7.3.1/../../../../arm-none-eabi/lib/thumb/v7e-m/fpv4-sp/hard\libnosys.a
END GROUP
START GROUP
LOAD c:/st/stm32cubeide_1.5.1/stm32cubeide/plugins/com.st.stm32cube.ide.mcu.externaltools.gnu-tools-for-stm32.7-2018-q2-update.win32_1.5.0.202011040924/tools/bin/../lib/gcc/arm-none-eabi/7.3.1/thumb/v7e-m/fpv4-sp/hard\libgcc.a
LOAD c:/st/stm32cubeide_1.5.1/stm32cubeide/plugins/com.st.stm32cube.ide.mcu.externaltools.gnu-tools-for-stm32.7-2018-q2-update.win32_1.5.0.202011040924/tools/bin/../lib/gcc/arm-none-eabi/7.3.1/../../../../arm-none-eabi/lib/thumb/v7e-m/fpv4-sp/hard\libc_nano.a
LOAD c:/st/stm32cubeide_1.5.1/stm32cubeide/plugins/com.st.stm32cube.ide.mcu.externaltools.gnu-tools-for-stm32.7-2018-q2-update.win32_1.5.0.202011040924/tools/bin/../lib/gcc/arm-none-eabi/7.3.1/../../../../arm-none-eabi/lib/thumb/v7e-m/fpv4-sp/hard\libnosys.a
END GROUP
LOAD c:/st/stm32cubeide_1.5.1/stm32cubeide/plugins/com.st.stm32cube.ide.mcu.externaltools.gnu-tools-for-stm32.7-2018-q2-update.win32_1.5.0.202011040924/tools/bin/../lib/gcc/arm-none-eabi/7.3.1/thumb/v7e-m/fpv4-sp/hard/crtend.o
LOAD c:/st/stm32cubeide_1.5.1/stm32cubeide/plugins/com.st.stm32cube.ide.mcu.externaltools.gnu-tools-for-stm32.7-2018-q2-update.win32_1.5.0.202011040924/tools/bin/../lib/gcc/arm-none-eabi/7.3.1/thumb/v7e-m/fpv4-sp/hard/crtn.o
                0x0000000020020000                _estack = (ORIGIN (RAM) + LENGTH (RAM))
                0x0000000000000200                _Min_Heap_Size = 0x200
                0x0000000000000400                _Min_Stack_Size = 0x400

.isr_vector     0x0000000008000000      0x188
                0x0000000008000000                . = ALIGN (0x4)
 *(.isr_vector)
 .isr_vector    0x0000000008000000      0x188 Core/Startup/startup_stm32f405rgtx.o
                0x0000000008000000                g_pfnVectors
                0x0000000008000188                . = ALIGN (0x4)

.text           0x0000000008000190    0x10b84
                0x0000000008000190                . = ALIGN (0x4)
 *(.text)
 .text          0x0000000008000190       0x40 c:/st/stm32cubeide_1.5.1/stm32cubeide/plugins/com.st.stm32cube.ide.mcu.externaltools.gnu-tools-for-stm32.7-2018-q2-update.win32_1.5.0.202011040924/tools/bin/../lib/gcc/arm-none-eabi/7.3.1/thumb/v7e-m/fpv4-sp/hard/crtbegin.o
 .text          0x00000000080001d0       0x10 c:/st/stm32cubeide_1.5.1/stm32cubeide/plugins/com.st.stm32cube.ide.mcu.externaltools.gnu-tools-for-stm32.7-2018-q2-update.win32_1.5.0.202011040924/tools/bin/../lib/gcc/arm-none-eabi/7.3.1/../../../../arm-none-eabi/lib/thumb/v7e-m/fpv4-sp/hard\libc_nano.a(lib_a-strlen.o)
                0x00000000080001d0                strlen
 .text          0x00000000080001e0       0xa0 c:/st/stm32cubeide_1.5.1/stm32cubeide/plugins/com.st.stm32cube.ide.mcu.externaltools.gnu-tools-for-stm32.7-2018-q2-update.win32_1.5.0.202011040924/tools/bin/../lib/gcc/arm-none-eabi/7.3.1/../../../../arm-none-eabi/lib/thumb/v7e-m/fpv4-sp/hard\libc_nano.a(lib_a-memchr.o)
                0x00000000080001e0                memchr
 .text          0x0000000008000280      0x378 c:/st/stm32cubeide_1.5.1/stm32cubeide/plugins/com.st.stm32cube.ide.mcu.externaltools.gnu-tools-for-stm32.7-2018-q2-update.win32_1.5.0.202011040924/tools/bin/../lib/gcc/arm-none-eabi/7.3.1/thumb/v7e-m/fpv4-sp/hard\libgcc.a(_arm_addsubdf3.o)
                0x0000000008000280                __aeabi_drsub
                0x0000000008000288                __aeabi_dsub
                0x0000000008000288                __subdf3
                0x000000000800028c                __aeabi_dadd
                0x000000000800028c                __adddf3
                0x0000000008000504                __floatunsidf
                0x0000000008000504                __aeabi_ui2d
                0x0000000008000524                __floatsidf
                0x0000000008000524                __aeabi_i2d
                0x0000000008000548                __aeabi_f2d
                0x0000000008000548                __extendsfdf2
                0x000000000800058c                __floatundidf
                0x000000000800058c                __aeabi_ul2d
                0x000000000800059c                __floatdidf
                0x000000000800059c                __aeabi_l2d
 .text          0x00000000080005f8      0x424 c:/st/stm32cubeide_1.5.1/stm32cubeide/plugins/com.st.stm32cube.ide.mcu.externaltools.gnu-tools-for-stm32.7-2018-q2-update.win32_1.5.0.202011040924/tools/bin/../lib/gcc/arm-none-eabi/7.3.1/thumb/v7e-m/fpv4-sp/hard\libgcc.a(_arm_muldivdf3.o)
                0x00000000080005f8                __aeabi_dmul
                0x00000000080005f8                __muldf3
                0x000000000800084c                __divdf3
                0x000000000800084c                __aeabi_ddiv
 .text          0x0000000008000a1c      0x110 c:/st/stm32cubeide_1.5.1/stm32cubeide/plugins/com.st.stm32cube.ide.mcu.externaltools.gnu-tools-for-stm32.7-2018-q2-update.win32_1.5.0.202011040924/tools/bin/../lib/gcc/arm-none-eabi/7.3.1/thumb/v7e-m/fpv4-sp/hard\libgcc.a(_arm_cmpdf2.o)
                0x0000000008000a1c                __gtdf2
                0x0000000008000a1c                __gedf2
                0x0000000008000a24                __ltdf2
                0x0000000008000a24                __ledf2
                0x0000000008000a2c                __nedf2
                0x0000000008000a2c                __eqdf2
                0x0000000008000a2c                __cmpdf2
                0x0000000008000aa8                __aeabi_cdrcmple
                0x0000000008000ab8                __aeabi_cdcmpeq
                0x0000000008000ab8                __aeabi_cdcmple
                0x0000000008000ac8                __aeabi_dcmpeq
                0x0000000008000adc                __aeabi_dcmplt
                0x0000000008000af0                __aeabi_dcmple
                0x0000000008000b04                __aeabi_dcmpge
                0x0000000008000b18                __aeabi_dcmpgt
 .text          0x0000000008000b2c       0x2c c:/st/stm32cubeide_1.5.1/stm32cubeide/plugins/com.st.stm32cube.ide.mcu.externaltools.gnu-tools-for-stm32.7-2018-q2-update.win32_1.5.0.202011040924/tools/bin/../lib/gcc/arm-none-eabi/7.3.1/thumb/v7e-m/fpv4-sp/hard\libgcc.a(_arm_unorddf2.o)
                0x0000000008000b2c                __unorddf2
                0x0000000008000b2c                __aeabi_dcmpun
 .text          0x0000000008000b58       0x50 c:/st/stm32cubeide_1.5.1/stm32cubeide/plugins/com.st.stm32cube.ide.mcu.externaltools.gnu-tools-for-stm32.7-2018-q2-update.win32_1.5.0.202011040924/tools/bin/../lib/gcc/arm-none-eabi/7.3.1/thumb/v7e-m/fpv4-sp/hard\libgcc.a(_arm_fixdfsi.o)
                0x0000000008000b58                __aeabi_d2iz
                0x0000000008000b58                __fixdfsi
 .text          0x0000000008000ba8       0x40 c:/st/stm32cubeide_1.5.1/stm32cubeide/plugins/com.st.stm32cube.ide.mcu.externaltools.gnu-tools-for-stm32.7-2018-q2-update.win32_1.5.0.202011040924/tools/bin/../lib/gcc/arm-none-eabi/7.3.1/thumb/v7e-m/fpv4-sp/hard\libgcc.a(_arm_fixunsdfsi.o)
                0x0000000008000ba8                __aeabi_d2uiz
                0x0000000008000ba8                __fixunsdfsi
 .text          0x0000000008000be8       0xa0 c:/st/stm32cubeide_1.5.1/stm32cubeide/plugins/com.st.stm32cube.ide.mcu.externaltools.gnu-tools-for-stm32.7-2018-q2-update.win32_1.5.0.202011040924/tools/bin/../lib/gcc/arm-none-eabi/7.3.1/thumb/v7e-m/fpv4-sp/hard\libgcc.a(_arm_truncdfsf2.o)
                0x0000000008000be8                __truncdfsf2
                0x0000000008000be8                __aeabi_d2f
 .text          0x0000000008000c88       0x30 c:/st/stm32cubeide_1.5.1/stm32cubeide/plugins/com.st.stm32cube.ide.mcu.externaltools.gnu-tools-for-stm32.7-2018-q2-update.win32_1.5.0.202011040924/tools/bin/../lib/gcc/arm-none-eabi/7.3.1/thumb/v7e-m/fpv4-sp/hard\libgcc.a(_aeabi_uldivmod.o)
                0x0000000008000c88                __aeabi_uldivmod
 .text          0x0000000008000cb8      0x2cc c:/st/stm32cubeide_1.5.1/stm32cubeide/plugins/com.st.stm32cube.ide.mcu.externaltools.gnu-tools-for-stm32.7-2018-q2-update.win32_1.5.0.202011040924/tools/bin/../lib/gcc/arm-none-eabi/7.3.1/thumb/v7e-m/fpv4-sp/hard\libgcc.a(_udivmoddi4.o)
                0x0000000008000cb8                __udivmoddi4
 .text          0x0000000008000f84        0x4 c:/st/stm32cubeide_1.5.1/stm32cubeide/plugins/com.st.stm32cube.ide.mcu.externaltools.gnu-tools-for-stm32.7-2018-q2-update.win32_1.5.0.202011040924/tools/bin/../lib/gcc/arm-none-eabi/7.3.1/thumb/v7e-m/fpv4-sp/hard\libgcc.a(_dvmd_tls.o)
                0x0000000008000f84                __aeabi_idiv0
                0x0000000008000f84                __aeabi_ldiv0
 *(.text*)
 .text.calculateAngleControlFlip
                0x0000000008000f88      0x140 Core/Src/AngleCtrl.o
                0x0000000008000f88                calculateAngleControlFlip
 .text.getAngleControlTerm
                0x00000000080010c8       0x1c Core/Src/AngleCtrl.o
                0x00000000080010c8                getAngleControlTerm
 .text.startAngleControl
                0x00000000080010e4       0x24 Core/Src/AngleCtrl.o
                0x00000000080010e4                startAngleControl
 .text.stopAngleControl
                0x0000000008001108       0x18 Core/Src/AngleCtrl.o
                0x0000000008001108                stopAngleControl
 .text.initEncoder
                0x0000000008001120       0x38 Core/Src/Encoder.o
                0x0000000008001120                initEncoder
 .text.updateEncoderCnt
                0x0000000008001158      0x1b4 Core/Src/Encoder.o
                0x0000000008001158                updateEncoderCnt
 .text.getEncoderCnt
                0x000000000800130c       0x34 Core/Src/Encoder.o
                0x000000000800130c                getEncoderCnt
 .text.getTotalDistance
                0x0000000008001340       0x1c Core/Src/Encoder.o
                0x0000000008001340                getTotalDistance
 .text.getGoalJudgeDistance
                0x000000000800135c       0x1c Core/Src/Encoder.o
                0x000000000800135c                getGoalJudgeDistance
 .text.getSideLineJudgeDistance
                0x0000000008001378       0x1c Core/Src/Encoder.o
                0x0000000008001378                getSideLineJudgeDistance
 .text.setTotalDistance
                0x0000000008001394       0x20 Core/Src/Encoder.o
                0x0000000008001394                setTotalDistance
 .text.getCrossLineIgnoreDistance
                0x00000000080013b4       0x1c Core/Src/Encoder.o
                0x00000000080013b4                getCrossLineIgnoreDistance
 .text.clearTotalDistance
                0x00000000080013d0       0x1c Core/Src/Encoder.o
                0x00000000080013d0                clearTotalDistance
 .text.clearGoalJudgeDistance
                0x00000000080013ec       0x1c Core/Src/Encoder.o
                0x00000000080013ec                clearGoalJudgeDistance
 .text.clearSideLineJudgeDistance
                0x0000000008001408       0x1c Core/Src/Encoder.o
                0x0000000008001408                clearSideLineJudgeDistance
 .text.clearCrossLineIgnoreDistance
                0x0000000008001424       0x1c Core/Src/Encoder.o
                0x0000000008001424                clearCrossLineIgnoreDistance
 .text.clearSideLineIgnoreDistance
                0x0000000008001440       0x1c Core/Src/Encoder.o
                0x0000000008001440                clearSideLineIgnoreDistance
 .text.getDistance10mm
                0x000000000800145c       0x1c Core/Src/Encoder.o
                0x000000000800145c                getDistance10mm
 .text.clearDistance10mm
                0x0000000008001478       0x1c Core/Src/Encoder.o
                0x0000000008001478                clearDistance10mm
 .text.getDistance30mm
                0x0000000008001494       0x1c Core/Src/Encoder.o
                0x0000000008001494                getDistance30mm
 .text.clearDistance30mm
                0x00000000080014b0       0x1c Core/Src/Encoder.o
                0x00000000080014b0                clearDistance30mm
 *fill*         0x00000000080014cc        0x4 
 .text.getspeedcount
                0x00000000080014d0       0x68 Core/Src/Encoder.o
                0x00000000080014d0                getspeedcount
 .text.clearspeedcount
                0x0000000008001538       0x1c Core/Src/Encoder.o
                0x0000000008001538                clearspeedcount
 .text.FLASH_Unlock
                0x0000000008001554       0x28 Core/Src/Flash_F405.o
 .text.FLASH_Lock
                0x000000000800157c       0x20 Core/Src/Flash_F405.o
 .text.FLASH_WaitBusy
                0x000000000800159c       0x20 Core/Src/Flash_F405.o
                0x000000000800159c                FLASH_WaitBusy
 .text.FLASH_EreaseSector
                0x00000000080015bc       0x3e Core/Src/Flash_F405.o
                0x00000000080015bc                FLASH_EreaseSector
 *fill*         0x00000000080015fa        0x2 
 .text.FLASH_Write_Word_F
                0x00000000080015fc       0x54 Core/Src/Flash_F405.o
                0x00000000080015fc                FLASH_Write_Word_F
 .text.initGyro
                0x0000000008001650       0x20 Core/Src/IMU.o
                0x0000000008001650                initGyro
 .text.updateIMUValue
                0x0000000008001670      0x1a8 Core/Src/IMU.o
                0x0000000008001670                updateIMUValue
 .text.IMU_average
                0x0000000008001818       0x6c Core/Src/IMU.o
                0x0000000008001818                IMU_average
 .text.getTheta10mm
                0x0000000008001884       0x1c Core/Src/IMU.o
                0x0000000008001884                getTheta10mm
 .text.clearTheta10mm
                0x00000000080018a0       0x1c Core/Src/IMU.o
                0x00000000080018a0                clearTheta10mm
 .text.getaddTheta
                0x00000000080018bc       0x1c Core/Src/IMU.o
                0x00000000080018bc                getaddTheta
 .text.clearaddTheta
                0x00000000080018d8       0x1c Core/Src/IMU.o
                0x00000000080018d8                clearaddTheta
 .text.setLED   0x00000000080018f4      0x19c Core/Src/LED.o
                0x00000000080018f4                setLED
 .text.setLED2  0x0000000008001a90      0x334 Core/Src/LED.o
                0x0000000008001a90                setLED2
 *fill*         0x0000000008001dc4        0x4 
 .text.calculateLineFollowingTermFlip
                0x0000000008001dc8      0x300 Core/Src/LineChase.o
                0x0000000008001dc8                calculateLineFollowingTermFlip
 .text.lineTraceFlip
                0x00000000080020c8       0x84 Core/Src/LineChase.o
                0x00000000080020c8                lineTraceFlip
 .text.startLineTrace
                0x000000000800214c       0x24 Core/Src/LineChase.o
                0x000000000800214c                startLineTrace
 .text.stopLineTrace
                0x0000000008002170       0x24 Core/Src/LineChase.o
                0x0000000008002170                stopLineTrace
 .text.getCouseOutFlag
                0x0000000008002194       0x18 Core/Src/LineChase.o
                0x0000000008002194                getCouseOutFlag
 .text.initADC  0x00000000080021ac       0x2c Core/Src/LineSensor.o
                0x00000000080021ac                initADC
 .text.storeAnalogSensorBuffer
                0x00000000080021d8      0x3ec Core/Src/LineSensor.o
                0x00000000080021d8                storeAnalogSensorBuffer
 .text.updateAnalogSensor
                0x00000000080025c4      0x3e4 Core/Src/LineSensor.o
                0x00000000080025c4                updateAnalogSensor
 .text.sensorCalibration
                0x00000000080029a8      0x3ec Core/Src/LineSensor.o
                0x00000000080029a8                sensorCalibration
 .text.initLog  0x0000000008002d94       0x9c Core/Src/Logger.o
                0x0000000008002d94                initLog
 .text.saveDistance
                0x0000000008002e30       0x30 Core/Src/Logger.o
                0x0000000008002e30                saveDistance
 .text.saveTheta
                0x0000000008002e60       0x30 Core/Src/Logger.o
                0x0000000008002e60                saveTheta
 .text.saveCross
                0x0000000008002e90       0x30 Core/Src/Logger.o
                0x0000000008002e90                saveCross
 .text.saveSide
                0x0000000008002ec0       0x30 Core/Src/Logger.o
                0x0000000008002ec0                saveSide
 .text.saveDebug
                0x0000000008002ef0       0x30 Core/Src/Logger.o
                0x0000000008002ef0                saveDebug
 .text.ereaseLog
                0x0000000008002f20       0x78 Core/Src/Logger.o
                0x0000000008002f20                ereaseLog
 .text.ereaseDebugLog
                0x0000000008002f98       0x20 Core/Src/Logger.o
                0x0000000008002f98                ereaseDebugLog
 .text.getDistanceLogSize
                0x0000000008002fb8       0x18 Core/Src/Logger.o
                0x0000000008002fb8                getDistanceLogSize
 .text.getCrossLogSize
                0x0000000008002fd0       0x18 Core/Src/Logger.o
                0x0000000008002fd0                getCrossLogSize
 .text.getSideLogSize
                0x0000000008002fe8       0x18 Core/Src/Logger.o
                0x0000000008002fe8                getSideLogSize
 .text.getDebugLogSize
                0x0000000008003000       0x18 Core/Src/Logger.o
                0x0000000008003000                getDebugLogSize
 .text.loadDistance
                0x0000000008003018       0x7c Core/Src/Logger.o
                0x0000000008003018                loadDistance
 .text.loadTheta
                0x0000000008003094       0x7c Core/Src/Logger.o
                0x0000000008003094                loadTheta
 .text.loadCross
                0x0000000008003110       0x7c Core/Src/Logger.o
                0x0000000008003110                loadCross
 .text.loadSide
                0x000000000800318c       0x7c Core/Src/Logger.o
                0x000000000800318c                loadSide
 .text.loadDebug
                0x0000000008003208       0x7c Core/Src/Logger.o
                0x0000000008003208                loadDebug
 .text.getDistanceArrayPointer
                0x0000000008003284       0x14 Core/Src/Logger.o
                0x0000000008003284                getDistanceArrayPointer
 .text.getThetaArrayPointer
                0x0000000008003298       0x14 Core/Src/Logger.o
                0x0000000008003298                getThetaArrayPointer
 .text.getCrossLog
                0x00000000080032ac       0x2c Core/Src/Logger.o
                0x00000000080032ac                getCrossLog
 .text.getSideLog
                0x00000000080032d8       0x2c Core/Src/Logger.o
                0x00000000080032d8                getSideLog
 .text.getDebugLog
                0x0000000008003304       0x2c Core/Src/Logger.o
                0x0000000008003304                getDebugLog
 .text.read_byte
                0x0000000008003330       0x58 Core/Src/MPU6500.o
                0x0000000008003330                read_byte
 .text.write_byte
                0x0000000008003388       0x58 Core/Src/MPU6500.o
                0x0000000008003388                write_byte
 .text.IMU_init
                0x00000000080033e0       0x46 Core/Src/MPU6500.o
                0x00000000080033e0                IMU_init
 *fill*         0x0000000008003426        0x2 
 .text.read_gyro_data
                0x0000000008003428       0x2c Core/Src/MPU6500.o
                0x0000000008003428                read_gyro_data
 *fill*         0x0000000008003454        0x4 
 .text.calculateVelocityControlFlip
                0x0000000008003458      0x130 Core/Src/Velocity_Ctrl.o
                0x0000000008003458                calculateVelocityControlFlip
 .text.getVelocityControlTerm
                0x0000000008003588       0x1c Core/Src/Velocity_Ctrl.o
                0x0000000008003588                getVelocityControlTerm
 .text.setTargetVelocity
                0x00000000080035a4       0x20 Core/Src/Velocity_Ctrl.o
                0x00000000080035a4                setTargetVelocity
 .text.setvariablespeed
                0x00000000080035c4       0x64 Core/Src/Velocity_Ctrl.o
                0x00000000080035c4                setvariablespeed
 .text.getCurrentVelocity
                0x0000000008003628       0x7c Core/Src/Velocity_Ctrl.o
                0x0000000008003628                getCurrentVelocity
 .text.getTargetVelocity
                0x00000000080036a4       0x1c Core/Src/Velocity_Ctrl.o
                0x00000000080036a4                getTargetVelocity
 .text.startVelocityControl
                0x00000000080036c0       0x24 Core/Src/Velocity_Ctrl.o
                0x00000000080036c0                startVelocityControl
 .text.stopVelocityControl
                0x00000000080036e4       0x18 Core/Src/Velocity_Ctrl.o
                0x00000000080036e4                stopVelocityControl
 .text.CreateXYcoordinates
                0x00000000080036fc      0x184 Core/Src/kanayama.o
                0x00000000080036fc                CreateXYcoordinates
 .text.CurrentXcoordinates
                0x0000000008003880       0xa8 Core/Src/kanayama.o
                0x0000000008003880                CurrentXcoordinates
 .text.CurrentYcoordinates
                0x0000000008003928       0xa8 Core/Src/kanayama.o
                0x0000000008003928                CurrentYcoordinates
 .text.updateTargetpoint
                0x00000000080039d0       0xa4 Core/Src/kanayama.o
                0x00000000080039d0                updateTargetpoint
 .text.Error_XY_Debug
                0x0000000008003a74       0xf4 Core/Src/kanayama.o
                0x0000000008003a74                Error_XY_Debug
 .text.getTargetpoint_X
                0x0000000008003b68       0x1c Core/Src/kanayama.o
                0x0000000008003b68                getTargetpoint_X
 .text.getTargetpoint_Y
                0x0000000008003b84       0x1c Core/Src/kanayama.o
                0x0000000008003b84                getTargetpoint_Y
 .text.getTargetpoint_Theta
                0x0000000008003ba0       0x1c Core/Src/kanayama.o
                0x0000000008003ba0                getTargetpoint_Theta
 .text.getOutput_velocity
                0x0000000008003bbc       0x1c Core/Src/kanayama.o
                0x0000000008003bbc                getOutput_velocity
 .text.getOutput_angularvelocity
                0x0000000008003bd8       0x1c Core/Src/kanayama.o
                0x0000000008003bd8                getOutput_angularvelocity
 .text.__io_putchar
                0x0000000008003bf4       0x24 Core/Src/main.o
                0x0000000008003bf4                __io_putchar
 .text.HAL_TIM_PeriodElapsedCallback
                0x0000000008003c18       0x88 Core/Src/main.o
                0x0000000008003c18                HAL_TIM_PeriodElapsedCallback
 .text.init     0x0000000008003ca0       0x44 Core/Src/main.o
                0x0000000008003ca0                init
 .text.main     0x0000000008003ce4      0x818 Core/Src/main.o
                0x0000000008003ce4                main
 .text.SystemClock_Config
                0x00000000080044fc       0xd4 Core/Src/main.o
                0x00000000080044fc                SystemClock_Config
 .text.MX_ADC1_Init
                0x00000000080045d0       0xc0 Core/Src/main.o
 .text.MX_ADC2_Init
                0x0000000008004690      0x1d8 Core/Src/main.o
 .text.MX_I2C1_Init
                0x0000000008004868       0x5c Core/Src/main.o
 .text.MX_SPI3_Init
                0x00000000080048c4       0x6c Core/Src/main.o
 .text.MX_TIM1_Init
                0x0000000008004930      0x104 Core/Src/main.o
 .text.MX_TIM3_Init
                0x0000000008004a34       0xa8 Core/Src/main.o
 .text.MX_TIM4_Init
                0x0000000008004adc       0xa8 Core/Src/main.o
 .text.MX_TIM6_Init
                0x0000000008004b84       0x6c Core/Src/main.o
 .text.MX_TIM7_Init
                0x0000000008004bf0       0x68 Core/Src/main.o
 .text.MX_TIM8_Init
                0x0000000008004c58      0x120 Core/Src/main.o
 .text.MX_USART1_UART_Init
                0x0000000008004d78       0x54 Core/Src/main.o
 .text.MX_DMA_Init
                0x0000000008004dcc       0x50 Core/Src/main.o
 .text.MX_GPIO_Init
                0x0000000008004e1c      0x17c Core/Src/main.o
 .text.Error_Handler
                0x0000000008004f98        0x8 Core/Src/main.o
                0x0000000008004f98                Error_Handler
 .text.initMotor
                0x0000000008004fa0       0x30 Core/Src/motor.o
                0x0000000008004fa0                initMotor
 .text.motorCtrlFlip
                0x0000000008004fd0       0xc8 Core/Src/motor.o
                0x0000000008004fd0                motorCtrlFlip
 .text.suctionmotorCtrlFlip
                0x0000000008005098       0x24 Core/Src/motor.o
                0x0000000008005098                suctionmotorCtrlFlip
 .text.setMotor
                0x00000000080050bc       0x7c Core/Src/motor.o
                0x00000000080050bc                setMotor
 .text.setsuctionMotor
                0x0000000008005138       0x3c Core/Src/motor.o
                0x0000000008005138                setsuctionMotor
 .text.updateSideSensorStatus
                0x0000000008005174       0x54 Core/Src/sideSensor.o
                0x0000000008005174                updateSideSensorStatus
 .text.setRunMode
                0x00000000080051c8       0x20 Core/Src/sideSensor.o
                0x00000000080051c8                setRunMode
 .text.isCrossLine
                0x00000000080051e8       0x98 Core/Src/sideSensor.o
                0x00000000080051e8                isCrossLine
 .text.isContinuousCurvature
                0x0000000008005280       0xe0 Core/Src/sideSensor.o
                0x0000000008005280                isContinuousCurvature
 .text.isTargetDistance
                0x0000000008005360       0x32 Core/Src/sideSensor.o
                0x0000000008005360                isTargetDistance
 *fill*         0x0000000008005392        0x2 
 .text.running  0x0000000008005394      0x23c Core/Src/sideSensor.o
                0x0000000008005394                running
 .text.runningFlip
                0x00000000080055d0      0x20c Core/Src/sideSensor.o
                0x00000000080055d0                runningFlip
 .text.runningInit
                0x00000000080057dc       0x88 Core/Src/sideSensor.o
                0x00000000080057dc                runningInit
 .text.saveLog  0x0000000008005864      0x144 Core/Src/sideSensor.o
                0x0000000008005864                saveLog
 .text.startLogging
                0x00000000080059a8       0x20 Core/Src/sideSensor.o
                0x00000000080059a8                startLogging
 .text.stopLogging
                0x00000000080059c8       0x18 Core/Src/sideSensor.o
                0x00000000080059c8                stopLogging
 .text.startTargetUpdate
                0x00000000080059e0       0x18 Core/Src/sideSensor.o
                0x00000000080059e0                startTargetUpdate
 .text.stopTargetUpdate
                0x00000000080059f8       0x18 Core/Src/sideSensor.o
                0x00000000080059f8                stopTargetUpdate
 .text.startVelocityUpdate
                0x0000000008005a10       0x44 Core/Src/sideSensor.o
                0x0000000008005a10                startVelocityUpdate
 .text.stopVelocityUpdate
                0x0000000008005a54       0x18 Core/Src/sideSensor.o
                0x0000000008005a54                stopVelocityUpdate
 .text.correctionTotalDistanceFromCrossLine
                0x0000000008005a6c       0xac Core/Src/sideSensor.o
                0x0000000008005a6c                correctionTotalDistanceFromCrossLine
 .text.correctionTotalDistanceFromSideLine
                0x0000000008005b18       0xac Core/Src/sideSensor.o
                0x0000000008005b18                correctionTotalDistanceFromSideLine
 .text.getgoalStatus
                0x0000000008005bc4       0x18 Core/Src/sideSensor.o
                0x0000000008005bc4                getgoalStatus
 .text.getTargetUpdateflag
                0x0000000008005bdc       0x18 Core/Src/sideSensor.o
                0x0000000008005bdc                getTargetUpdateflag
 .text.setVelocityRange
                0x0000000008005bf4       0x30 Core/Src/sideSensor.o
                0x0000000008005bf4                setVelocityRange
 .text.setAccDec
                0x0000000008005c24       0x30 Core/Src/sideSensor.o
                0x0000000008005c24                setAccDec
 .text.setStraightRadius
                0x0000000008005c54       0x20 Core/Src/sideSensor.o
                0x0000000008005c54                setStraightRadius
 .text.getSideSensorStatusL
                0x0000000008005c74       0x18 Core/Src/sideSensor.o
                0x0000000008005c74                getSideSensorStatusL
 .text.getSideSensorStatusR
                0x0000000008005c8c       0x18 Core/Src/sideSensor.o
                0x0000000008005c8c                getSideSensorStatusR
 .text.HAL_MspInit
                0x0000000008005ca4       0x50 Core/Src/stm32f4xx_hal_msp.o
                0x0000000008005ca4                HAL_MspInit
 .text.HAL_ADC_MspInit
                0x0000000008005cf4      0x22c Core/Src/stm32f4xx_hal_msp.o
                0x0000000008005cf4                HAL_ADC_MspInit
 .text.HAL_I2C_MspInit
                0x0000000008005f20       0x90 Core/Src/stm32f4xx_hal_msp.o
                0x0000000008005f20                HAL_I2C_MspInit
 .text.HAL_SPI_MspInit
                0x0000000008005fb0       0x90 Core/Src/stm32f4xx_hal_msp.o
                0x0000000008005fb0                HAL_SPI_MspInit
 .text.HAL_TIM_PWM_MspInit
                0x0000000008006040       0x70 Core/Src/stm32f4xx_hal_msp.o
                0x0000000008006040                HAL_TIM_PWM_MspInit
 .text.HAL_TIM_Encoder_MspInit
                0x00000000080060b0       0xf8 Core/Src/stm32f4xx_hal_msp.o
                0x00000000080060b0                HAL_TIM_Encoder_MspInit
 .text.HAL_TIM_Base_MspInit
                0x00000000080061a8       0x8c Core/Src/stm32f4xx_hal_msp.o
                0x00000000080061a8                HAL_TIM_Base_MspInit
 .text.HAL_TIM_MspPostInit
                0x0000000008006234       0xc8 Core/Src/stm32f4xx_hal_msp.o
                0x0000000008006234                HAL_TIM_MspPostInit
 .text.HAL_UART_MspInit
                0x00000000080062fc       0x90 Core/Src/stm32f4xx_hal_msp.o
                0x00000000080062fc                HAL_UART_MspInit
 .text.NMI_Handler
                0x000000000800638c        0x6 Core/Src/stm32f4xx_it.o
                0x000000000800638c                NMI_Handler
 .text.HardFault_Handler
                0x0000000008006392        0x6 Core/Src/stm32f4xx_it.o
                0x0000000008006392                HardFault_Handler
 .text.MemManage_Handler
                0x0000000008006398        0x6 Core/Src/stm32f4xx_it.o
                0x0000000008006398                MemManage_Handler
 .text.BusFault_Handler
                0x000000000800639e        0x6 Core/Src/stm32f4xx_it.o
                0x000000000800639e                BusFault_Handler
 .text.UsageFault_Handler
                0x00000000080063a4        0x6 Core/Src/stm32f4xx_it.o
                0x00000000080063a4                UsageFault_Handler
 .text.SVC_Handler
                0x00000000080063aa        0xe Core/Src/stm32f4xx_it.o
                0x00000000080063aa                SVC_Handler
 .text.DebugMon_Handler
                0x00000000080063b8        0xe Core/Src/stm32f4xx_it.o
                0x00000000080063b8                DebugMon_Handler
 .text.PendSV_Handler
                0x00000000080063c6        0xe Core/Src/stm32f4xx_it.o
                0x00000000080063c6                PendSV_Handler
 .text.SysTick_Handler
                0x00000000080063d4        0xc Core/Src/stm32f4xx_it.o
                0x00000000080063d4                SysTick_Handler
 .text.TIM6_DAC_IRQHandler
                0x00000000080063e0       0x14 Core/Src/stm32f4xx_it.o
                0x00000000080063e0                TIM6_DAC_IRQHandler
 .text.TIM7_IRQHandler
                0x00000000080063f4       0x14 Core/Src/stm32f4xx_it.o
                0x00000000080063f4                TIM7_IRQHandler
 .text.DMA2_Stream0_IRQHandler
                0x0000000008006408       0x14 Core/Src/stm32f4xx_it.o
                0x0000000008006408                DMA2_Stream0_IRQHandler
 .text.DMA2_Stream2_IRQHandler
                0x000000000800641c       0x14 Core/Src/stm32f4xx_it.o
                0x000000000800641c                DMA2_Stream2_IRQHandler
 .text.getSwitchStatus
                0x0000000008006430       0x54 Core/Src/switch.o
                0x0000000008006430                getSwitchStatus
 .text._read    0x0000000008006484       0x3a Core/Src/syscalls.o
                0x0000000008006484                _read
 .text._write   0x00000000080064be       0x38 Core/Src/syscalls.o
                0x00000000080064be                _write
 .text._close   0x00000000080064f6       0x18 Core/Src/syscalls.o
                0x00000000080064f6                _close
 .text._fstat   0x000000000800650e       0x20 Core/Src/syscalls.o
                0x000000000800650e                _fstat
 .text._isatty  0x000000000800652e       0x16 Core/Src/syscalls.o
                0x000000000800652e                _isatty
 .text._lseek   0x0000000008006544       0x1a Core/Src/syscalls.o
                0x0000000008006544                _lseek
 *fill*         0x000000000800655e        0x2 
 .text._sbrk    0x0000000008006560       0x6c Core/Src/sysmem.o
                0x0000000008006560                _sbrk
 .text.SystemInit
                0x00000000080065cc       0x2c Core/Src/system_stm32f4xx.o
                0x00000000080065cc                SystemInit
 .text.Reset_Handler
                0x00000000080065f8       0x50 Core/Startup/startup_stm32f405rgtx.o
                0x00000000080065f8                Reset_Handler
 .text.Default_Handler
                0x0000000008006648        0x2 Core/Startup/startup_stm32f405rgtx.o
                0x0000000008006648                RTC_Alarm_IRQHandler
                0x0000000008006648                HASH_RNG_IRQHandler
                0x0000000008006648                EXTI2_IRQHandler
                0x0000000008006648                TIM8_CC_IRQHandler
                0x0000000008006648                TIM1_CC_IRQHandler
                0x0000000008006648                DMA2_Stream5_IRQHandler
                0x0000000008006648                DMA1_Stream5_IRQHandler
                0x0000000008006648                PVD_IRQHandler
                0x0000000008006648                SDIO_IRQHandler
                0x0000000008006648                TAMP_STAMP_IRQHandler
                0x0000000008006648                CAN2_RX1_IRQHandler
                0x0000000008006648                EXTI3_IRQHandler
                0x0000000008006648                TIM8_TRG_COM_TIM14_IRQHandler
                0x0000000008006648                TIM1_UP_TIM10_IRQHandler
                0x0000000008006648                TIM8_UP_TIM13_IRQHandler
                0x0000000008006648                I2C3_ER_IRQHandler
                0x0000000008006648                EXTI0_IRQHandler
                0x0000000008006648                I2C2_EV_IRQHandler
                0x0000000008006648                DMA1_Stream2_IRQHandler
                0x0000000008006648                CAN1_RX0_IRQHandler
                0x0000000008006648                FPU_IRQHandler
                0x0000000008006648                OTG_HS_WKUP_IRQHandler
                0x0000000008006648                CAN2_SCE_IRQHandler
                0x0000000008006648                SPI1_IRQHandler
                0x0000000008006648                TIM1_BRK_TIM9_IRQHandler
                0x0000000008006648                CAN2_RX0_IRQHandler
                0x0000000008006648                DMA2_Stream3_IRQHandler
                0x0000000008006648                USART6_IRQHandler
                0x0000000008006648                USART3_IRQHandler
                0x0000000008006648                CAN1_RX1_IRQHandler
                0x0000000008006648                UART5_IRQHandler
                0x0000000008006648                TIM4_IRQHandler
                0x0000000008006648                I2C1_EV_IRQHandler
                0x0000000008006648                DMA1_Stream6_IRQHandler
                0x0000000008006648                DMA1_Stream1_IRQHandler
                0x0000000008006648                UART4_IRQHandler
                0x0000000008006648                TIM3_IRQHandler
                0x0000000008006648                RCC_IRQHandler
                0x0000000008006648                TIM8_BRK_TIM12_IRQHandler
                0x0000000008006648                Default_Handler
                0x0000000008006648                EXTI15_10_IRQHandler
                0x0000000008006648                ADC_IRQHandler
                0x0000000008006648                DMA1_Stream7_IRQHandler
                0x0000000008006648                CAN2_TX_IRQHandler
                0x0000000008006648                TIM5_IRQHandler
                0x0000000008006648                DMA2_Stream7_IRQHandler
                0x0000000008006648                I2C3_EV_IRQHandler
                0x0000000008006648                EXTI9_5_IRQHandler
                0x0000000008006648                RTC_WKUP_IRQHandler
                0x0000000008006648                SPI2_IRQHandler
                0x0000000008006648                OTG_HS_EP1_IN_IRQHandler
                0x0000000008006648                DMA1_Stream0_IRQHandler
                0x0000000008006648                CAN1_TX_IRQHandler
                0x0000000008006648                EXTI4_IRQHandler
                0x0000000008006648                FSMC_IRQHandler
                0x0000000008006648                OTG_HS_EP1_OUT_IRQHandler
                0x0000000008006648                WWDG_IRQHandler
                0x0000000008006648                TIM2_IRQHandler
                0x0000000008006648                OTG_FS_WKUP_IRQHandler
                0x0000000008006648                TIM1_TRG_COM_TIM11_IRQHandler
                0x0000000008006648                OTG_HS_IRQHandler
                0x0000000008006648                EXTI1_IRQHandler
                0x0000000008006648                USART2_IRQHandler
                0x0000000008006648                I2C2_ER_IRQHandler
                0x0000000008006648                DMA2_Stream1_IRQHandler
                0x0000000008006648                CAN1_SCE_IRQHandler
                0x0000000008006648                FLASH_IRQHandler
                0x0000000008006648                DMA2_Stream4_IRQHandler
                0x0000000008006648                USART1_IRQHandler
                0x0000000008006648                OTG_FS_IRQHandler
                0x0000000008006648                SPI3_IRQHandler
                0x0000000008006648                DMA1_Stream4_IRQHandler
                0x0000000008006648                I2C1_ER_IRQHandler
                0x0000000008006648                DMA2_Stream6_IRQHandler
                0x0000000008006648                DMA1_Stream3_IRQHandler
 *fill*         0x000000000800664a        0x2 
 .text.HAL_Init
                0x000000000800664c       0x44 Drivers/STM32F4xx_HAL_Driver/Src/stm32f4xx_hal.o
                0x000000000800664c                HAL_Init
 .text.HAL_InitTick
                0x0000000008006690       0x60 Drivers/STM32F4xx_HAL_Driver/Src/stm32f4xx_hal.o
                0x0000000008006690                HAL_InitTick
 .text.HAL_IncTick
                0x00000000080066f0       0x28 Drivers/STM32F4xx_HAL_Driver/Src/stm32f4xx_hal.o
                0x00000000080066f0                HAL_IncTick
 .text.HAL_GetTick
                0x0000000008006718       0x18 Drivers/STM32F4xx_HAL_Driver/Src/stm32f4xx_hal.o
                0x0000000008006718                HAL_GetTick
 .text.HAL_Delay
                0x0000000008006730       0x44 Drivers/STM32F4xx_HAL_Driver/Src/stm32f4xx_hal.o
                0x0000000008006730                HAL_Delay
 .text.HAL_ADC_Init
                0x0000000008006774       0x86 Drivers/STM32F4xx_HAL_Driver/Src/stm32f4xx_hal_adc.o
                0x0000000008006774                HAL_ADC_Init
 *fill*         0x00000000080067fa        0x2 
 .text.HAL_ADC_Start_DMA
                0x00000000080067fc      0x1e4 Drivers/STM32F4xx_HAL_Driver/Src/stm32f4xx_hal_adc.o
                0x00000000080067fc                HAL_ADC_Start_DMA
 .text.HAL_ADC_ConvCpltCallback
                0x00000000080069e0       0x14 Drivers/STM32F4xx_HAL_Driver/Src/stm32f4xx_hal_adc.o
                0x00000000080069e0                HAL_ADC_ConvCpltCallback
 .text.HAL_ADC_ConvHalfCpltCallback
                0x00000000080069f4       0x14 Drivers/STM32F4xx_HAL_Driver/Src/stm32f4xx_hal_adc.o
                0x00000000080069f4                HAL_ADC_ConvHalfCpltCallback
 .text.HAL_ADC_ErrorCallback
                0x0000000008006a08       0x14 Drivers/STM32F4xx_HAL_Driver/Src/stm32f4xx_hal_adc.o
                0x0000000008006a08                HAL_ADC_ErrorCallback
 .text.HAL_ADC_ConfigChannel
                0x0000000008006a1c      0x244 Drivers/STM32F4xx_HAL_Driver/Src/stm32f4xx_hal_adc.o
                0x0000000008006a1c                HAL_ADC_ConfigChannel
 .text.ADC_Init
                0x0000000008006c60      0x1f8 Drivers/STM32F4xx_HAL_Driver/Src/stm32f4xx_hal_adc.o
 .text.ADC_DMAConvCplt
                0x0000000008006e58       0xba Drivers/STM32F4xx_HAL_Driver/Src/stm32f4xx_hal_adc.o
 .text.ADC_DMAHalfConvCplt
                0x0000000008006f12       0x1c Drivers/STM32F4xx_HAL_Driver/Src/stm32f4xx_hal_adc.o
 .text.ADC_DMAError
                0x0000000008006f2e       0x2e Drivers/STM32F4xx_HAL_Driver/Src/stm32f4xx_hal_adc.o
 .text.__NVIC_SetPriorityGrouping
                0x0000000008006f5c       0x48 Drivers/STM32F4xx_HAL_Driver/Src/stm32f4xx_hal_cortex.o
 .text.__NVIC_GetPriorityGrouping
                0x0000000008006fa4       0x1c Drivers/STM32F4xx_HAL_Driver/Src/stm32f4xx_hal_cortex.o
 .text.__NVIC_EnableIRQ
                0x0000000008006fc0       0x3c Drivers/STM32F4xx_HAL_Driver/Src/stm32f4xx_hal_cortex.o
 .text.__NVIC_SetPriority
                0x0000000008006ffc       0x54 Drivers/STM32F4xx_HAL_Driver/Src/stm32f4xx_hal_cortex.o
 .text.NVIC_EncodePriority
                0x0000000008007050       0x66 Drivers/STM32F4xx_HAL_Driver/Src/stm32f4xx_hal_cortex.o
 *fill*         0x00000000080070b6        0x2 
 .text.SysTick_Config
                0x00000000080070b8       0x44 Drivers/STM32F4xx_HAL_Driver/Src/stm32f4xx_hal_cortex.o
 .text.HAL_NVIC_SetPriorityGrouping
                0x00000000080070fc       0x16 Drivers/STM32F4xx_HAL_Driver/Src/stm32f4xx_hal_cortex.o
                0x00000000080070fc                HAL_NVIC_SetPriorityGrouping
 .text.HAL_NVIC_SetPriority
                0x0000000008007112       0x38 Drivers/STM32F4xx_HAL_Driver/Src/stm32f4xx_hal_cortex.o
                0x0000000008007112                HAL_NVIC_SetPriority
 .text.HAL_NVIC_EnableIRQ
                0x000000000800714a       0x1c Drivers/STM32F4xx_HAL_Driver/Src/stm32f4xx_hal_cortex.o
                0x000000000800714a                HAL_NVIC_EnableIRQ
 .text.HAL_SYSTICK_Config
                0x0000000008007166       0x18 Drivers/STM32F4xx_HAL_Driver/Src/stm32f4xx_hal_cortex.o
                0x0000000008007166                HAL_SYSTICK_Config
 *fill*         0x000000000800717e        0x2 
 .text.HAL_DMA_Init
                0x0000000008007180      0x15c Drivers/STM32F4xx_HAL_Driver/Src/stm32f4xx_hal_dma.o
                0x0000000008007180                HAL_DMA_Init
 .text.HAL_DMA_Start_IT
                0x00000000080072dc       0xb0 Drivers/STM32F4xx_HAL_Driver/Src/stm32f4xx_hal_dma.o
                0x00000000080072dc                HAL_DMA_Start_IT
 .text.HAL_DMA_IRQHandler
                0x000000000800738c      0x314 Drivers/STM32F4xx_HAL_Driver/Src/stm32f4xx_hal_dma.o
                0x000000000800738c                HAL_DMA_IRQHandler
 .text.DMA_SetConfig
                0x00000000080076a0       0x5c Drivers/STM32F4xx_HAL_Driver/Src/stm32f4xx_hal_dma.o
 .text.DMA_CalcBaseAndBitshift
                0x00000000080076fc       0x6c Drivers/STM32F4xx_HAL_Driver/Src/stm32f4xx_hal_dma.o
 .text.DMA_CheckFifoParam
                0x0000000008007768       0xf4 Drivers/STM32F4xx_HAL_Driver/Src/stm32f4xx_hal_dma.o
 .text.HAL_FLASH_Unlock
                0x000000000800785c       0x44 Drivers/STM32F4xx_HAL_Driver/Src/stm32f4xx_hal_flash.o
                0x000000000800785c                HAL_FLASH_Unlock
 .text.HAL_FLASH_Lock
                0x00000000080078a0       0x20 Drivers/STM32F4xx_HAL_Driver/Src/stm32f4xx_hal_flash.o
                0x00000000080078a0                HAL_FLASH_Lock
 .text.FLASH_WaitForLastOperation
                0x00000000080078c0       0x80 Drivers/STM32F4xx_HAL_Driver/Src/stm32f4xx_hal_flash.o
                0x00000000080078c0                FLASH_WaitForLastOperation
 .text.FLASH_SetErrorCode
                0x0000000008007940       0xac Drivers/STM32F4xx_HAL_Driver/Src/stm32f4xx_hal_flash.o
 .text.HAL_FLASHEx_Erase
                0x00000000080079ec       0xe0 Drivers/STM32F4xx_HAL_Driver/Src/stm32f4xx_hal_flash_ex.o
                0x00000000080079ec                HAL_FLASHEx_Erase
 .text.FLASH_MassErase
                0x0000000008007acc       0x48 Drivers/STM32F4xx_HAL_Driver/Src/stm32f4xx_hal_flash_ex.o
 .text.FLASH_Erase_Sector
                0x0000000008007b14       0x90 Drivers/STM32F4xx_HAL_Driver/Src/stm32f4xx_hal_flash_ex.o
                0x0000000008007b14                FLASH_Erase_Sector
 .text.FLASH_FlushCaches
                0x0000000008007ba4       0x8c Drivers/STM32F4xx_HAL_Driver/Src/stm32f4xx_hal_flash_ex.o
                0x0000000008007ba4                FLASH_FlushCaches
 .text.HAL_GPIO_Init
                0x0000000008007c30      0x334 Drivers/STM32F4xx_HAL_Driver/Src/stm32f4xx_hal_gpio.o
                0x0000000008007c30                HAL_GPIO_Init
 .text.HAL_GPIO_ReadPin
                0x0000000008007f64       0x30 Drivers/STM32F4xx_HAL_Driver/Src/stm32f4xx_hal_gpio.o
                0x0000000008007f64                HAL_GPIO_ReadPin
 .text.HAL_GPIO_WritePin
                0x0000000008007f94       0x32 Drivers/STM32F4xx_HAL_Driver/Src/stm32f4xx_hal_gpio.o
                0x0000000008007f94                HAL_GPIO_WritePin
 *fill*         0x0000000008007fc6        0x2 
 .text.HAL_I2C_Init
                0x0000000008007fc8      0x270 Drivers/STM32F4xx_HAL_Driver/Src/stm32f4xx_hal_i2c.o
                0x0000000008007fc8                HAL_I2C_Init
 .text.HAL_RCC_OscConfig
                0x0000000008008238      0x4e0 Drivers/STM32F4xx_HAL_Driver/Src/stm32f4xx_hal_rcc.o
                0x0000000008008238                HAL_RCC_OscConfig
 .text.HAL_RCC_ClockConfig
                0x0000000008008718      0x1cc Drivers/STM32F4xx_HAL_Driver/Src/stm32f4xx_hal_rcc.o
                0x0000000008008718                HAL_RCC_ClockConfig
 .text.HAL_RCC_GetSysClockFreq
                0x00000000080088e4      0x164 Drivers/STM32F4xx_HAL_Driver/Src/stm32f4xx_hal_rcc.o
                0x00000000080088e4                HAL_RCC_GetSysClockFreq
 .text.HAL_RCC_GetHCLKFreq
                0x0000000008008a48       0x18 Drivers/STM32F4xx_HAL_Driver/Src/stm32f4xx_hal_rcc.o
                0x0000000008008a48                HAL_RCC_GetHCLKFreq
 .text.HAL_RCC_GetPCLK1Freq
                0x0000000008008a60       0x28 Drivers/STM32F4xx_HAL_Driver/Src/stm32f4xx_hal_rcc.o
                0x0000000008008a60                HAL_RCC_GetPCLK1Freq
 .text.HAL_RCC_GetPCLK2Freq
                0x0000000008008a88       0x28 Drivers/STM32F4xx_HAL_Driver/Src/stm32f4xx_hal_rcc.o
                0x0000000008008a88                HAL_RCC_GetPCLK2Freq
 .text.HAL_SPI_Init
                0x0000000008008ab0       0xc8 Drivers/STM32F4xx_HAL_Driver/Src/stm32f4xx_hal_spi.o
                0x0000000008008ab0                HAL_SPI_Init
 .text.HAL_SPI_Transmit
                0x0000000008008b78      0x268 Drivers/STM32F4xx_HAL_Driver/Src/stm32f4xx_hal_spi.o
                0x0000000008008b78                HAL_SPI_Transmit
 .text.HAL_SPI_Receive
                0x0000000008008de0      0x212 Drivers/STM32F4xx_HAL_Driver/Src/stm32f4xx_hal_spi.o
                0x0000000008008de0                HAL_SPI_Receive
 .text.HAL_SPI_TransmitReceive
                0x0000000008008ff2      0x344 Drivers/STM32F4xx_HAL_Driver/Src/stm32f4xx_hal_spi.o
                0x0000000008008ff2                HAL_SPI_TransmitReceive
 .text.SPI_WaitFlagStateUntilTimeout
                0x0000000008009336       0xd4 Drivers/STM32F4xx_HAL_Driver/Src/stm32f4xx_hal_spi.o
 .text.SPI_EndRxTransaction
                0x000000000800940a       0xca Drivers/STM32F4xx_HAL_Driver/Src/stm32f4xx_hal_spi.o
 .text.SPI_EndRxTxTransaction
                0x00000000080094d4       0x84 Drivers/STM32F4xx_HAL_Driver/Src/stm32f4xx_hal_spi.o
 .text.HAL_TIM_Base_Init
                0x0000000008009558       0x56 Drivers/STM32F4xx_HAL_Driver/Src/stm32f4xx_hal_tim.o
                0x0000000008009558                HAL_TIM_Base_Init
 .text.HAL_TIM_Base_Start_IT
                0x00000000080095ae       0x48 Drivers/STM32F4xx_HAL_Driver/Src/stm32f4xx_hal_tim.o
                0x00000000080095ae                HAL_TIM_Base_Start_IT
 .text.HAL_TIM_PWM_Init
                0x00000000080095f6       0x56 Drivers/STM32F4xx_HAL_Driver/Src/stm32f4xx_hal_tim.o
                0x00000000080095f6                HAL_TIM_PWM_Init
 .text.HAL_TIM_PWM_Start
                0x000000000800964c       0x7c Drivers/STM32F4xx_HAL_Driver/Src/stm32f4xx_hal_tim.o
                0x000000000800964c                HAL_TIM_PWM_Start
 .text.HAL_TIM_Encoder_Init
                0x00000000080096c8      0x124 Drivers/STM32F4xx_HAL_Driver/Src/stm32f4xx_hal_tim.o
                0x00000000080096c8                HAL_TIM_Encoder_Init
 .text.HAL_TIM_Encoder_Start
                0x00000000080097ec       0x6e Drivers/STM32F4xx_HAL_Driver/Src/stm32f4xx_hal_tim.o
                0x00000000080097ec                HAL_TIM_Encoder_Start
 .text.HAL_TIM_IRQHandler
                0x000000000800985a      0x210 Drivers/STM32F4xx_HAL_Driver/Src/stm32f4xx_hal_tim.o
                0x000000000800985a                HAL_TIM_IRQHandler
 *fill*         0x0000000008009a6a        0x2 
 .text.HAL_TIM_PWM_ConfigChannel
                0x0000000008009a6c      0x18c Drivers/STM32F4xx_HAL_Driver/Src/stm32f4xx_hal_tim.o
                0x0000000008009a6c                HAL_TIM_PWM_ConfigChannel
 .text.HAL_TIM_OC_DelayElapsedCallback
                0x0000000008009bf8       0x14 Drivers/STM32F4xx_HAL_Driver/Src/stm32f4xx_hal_tim.o
                0x0000000008009bf8                HAL_TIM_OC_DelayElapsedCallback
 .text.HAL_TIM_IC_CaptureCallback
                0x0000000008009c0c       0x14 Drivers/STM32F4xx_HAL_Driver/Src/stm32f4xx_hal_tim.o
                0x0000000008009c0c                HAL_TIM_IC_CaptureCallback
 .text.HAL_TIM_PWM_PulseFinishedCallback
                0x0000000008009c20       0x14 Drivers/STM32F4xx_HAL_Driver/Src/stm32f4xx_hal_tim.o
                0x0000000008009c20                HAL_TIM_PWM_PulseFinishedCallback
 .text.HAL_TIM_TriggerCallback
                0x0000000008009c34       0x14 Drivers/STM32F4xx_HAL_Driver/Src/stm32f4xx_hal_tim.o
                0x0000000008009c34                HAL_TIM_TriggerCallback
 .text.TIM_Base_SetConfig
                0x0000000008009c48      0x140 Drivers/STM32F4xx_HAL_Driver/Src/stm32f4xx_hal_tim.o
                0x0000000008009c48                TIM_Base_SetConfig
 .text.TIM_OC1_SetConfig
                0x0000000008009d88       0xe0 Drivers/STM32F4xx_HAL_Driver/Src/stm32f4xx_hal_tim.o
 .text.TIM_OC2_SetConfig
                0x0000000008009e68       0xec Drivers/STM32F4xx_HAL_Driver/Src/stm32f4xx_hal_tim.o
                0x0000000008009e68                TIM_OC2_SetConfig
 .text.TIM_OC3_SetConfig
                0x0000000008009f54       0xe8 Drivers/STM32F4xx_HAL_Driver/Src/stm32f4xx_hal_tim.o
 .text.TIM_OC4_SetConfig
                0x000000000800a03c       0xac Drivers/STM32F4xx_HAL_Driver/Src/stm32f4xx_hal_tim.o
 .text.TIM_CCxChannelCmd
                0x000000000800a0e8       0x4a Drivers/STM32F4xx_HAL_Driver/Src/stm32f4xx_hal_tim.o
                0x000000000800a0e8                TIM_CCxChannelCmd
 *fill*         0x000000000800a132        0x2 
 .text.HAL_TIMEx_MasterConfigSynchronization
                0x000000000800a134       0xf8 Drivers/STM32F4xx_HAL_Driver/Src/stm32f4xx_hal_tim_ex.o
                0x000000000800a134                HAL_TIMEx_MasterConfigSynchronization
 .text.HAL_TIMEx_ConfigBreakDeadTime
                0x000000000800a22c       0xa4 Drivers/STM32F4xx_HAL_Driver/Src/stm32f4xx_hal_tim_ex.o
                0x000000000800a22c                HAL_TIMEx_ConfigBreakDeadTime
 .text.HAL_TIMEx_CommutCallback
                0x000000000800a2d0       0x14 Drivers/STM32F4xx_HAL_Driver/Src/stm32f4xx_hal_tim_ex.o
                0x000000000800a2d0                HAL_TIMEx_CommutCallback
 .text.HAL_TIMEx_BreakCallback
                0x000000000800a2e4       0x14 Drivers/STM32F4xx_HAL_Driver/Src/stm32f4xx_hal_tim_ex.o
                0x000000000800a2e4                HAL_TIMEx_BreakCallback
 .text.HAL_UART_Init
                0x000000000800a2f8       0x9a Drivers/STM32F4xx_HAL_Driver/Src/stm32f4xx_hal_uart.o
                0x000000000800a2f8                HAL_UART_Init
 .text.HAL_UART_Transmit
                0x000000000800a392      0x132 Drivers/STM32F4xx_HAL_Driver/Src/stm32f4xx_hal_uart.o
                0x000000000800a392                HAL_UART_Transmit
 .text.UART_WaitOnFlagUntilTimeout
                0x000000000800a4c4       0x94 Drivers/STM32F4xx_HAL_Driver/Src/stm32f4xx_hal_uart.o
 .text.UART_SetConfig
                0x000000000800a558      0x6f8 Drivers/STM32F4xx_HAL_Driver/Src/stm32f4xx_hal_uart.o
 .text.cos      0x000000000800ac50       0x88 c:/st/stm32cubeide_1.5.1/stm32cubeide/plugins/com.st.stm32cube.ide.mcu.externaltools.gnu-tools-for-stm32.7-2018-q2-update.win32_1.5.0.202011040924/tools/bin/../lib/gcc/arm-none-eabi/7.3.1/../../../../arm-none-eabi/lib/thumb/v7e-m/fpv4-sp/hard\libm.a(lib_a-s_cos.o)
                0x000000000800ac50                cos
 .text.sin      0x000000000800acd8       0x90 c:/st/stm32cubeide_1.5.1/stm32cubeide/plugins/com.st.stm32cube.ide.mcu.externaltools.gnu-tools-for-stm32.7-2018-q2-update.win32_1.5.0.202011040924/tools/bin/../lib/gcc/arm-none-eabi/7.3.1/../../../../arm-none-eabi/lib/thumb/v7e-m/fpv4-sp/hard\libm.a(lib_a-s_sin.o)
                0x000000000800acd8                sin
 .text.cosf     0x000000000800ad68       0x80 c:/st/stm32cubeide_1.5.1/stm32cubeide/plugins/com.st.stm32cube.ide.mcu.externaltools.gnu-tools-for-stm32.7-2018-q2-update.win32_1.5.0.202011040924/tools/bin/../lib/gcc/arm-none-eabi/7.3.1/../../../../arm-none-eabi/lib/thumb/v7e-m/fpv4-sp/hard\libm.a(lib_a-sf_cos.o)
                0x000000000800ad68                cosf
 .text.sinf     0x000000000800ade8       0x84 c:/st/stm32cubeide_1.5.1/stm32cubeide/plugins/com.st.stm32cube.ide.mcu.externaltools.gnu-tools-for-stm32.7-2018-q2-update.win32_1.5.0.202011040924/tools/bin/../lib/gcc/arm-none-eabi/7.3.1/../../../../arm-none-eabi/lib/thumb/v7e-m/fpv4-sp/hard\libm.a(lib_a-sf_sin.o)
                0x000000000800ade8                sinf
 *fill*         0x000000000800ae6c        0x4 
 .text.__ieee754_rem_pio2
                0x000000000800ae70      0x3e4 c:/st/stm32cubeide_1.5.1/stm32cubeide/plugins/com.st.stm32cube.ide.mcu.externaltools.gnu-tools-for-stm32.7-2018-q2-update.win32_1.5.0.202011040924/tools/bin/../lib/gcc/arm-none-eabi/7.3.1/../../../../arm-none-eabi/lib/thumb/v7e-m/fpv4-sp/hard\libm.a(lib_a-e_rem_pio2.o)
                0x000000000800ae70                __ieee754_rem_pio2
 .text.__ieee754_rem_pio2f
                0x000000000800b254      0x258 c:/st/stm32cubeide_1.5.1/stm32cubeide/plugins/com.st.stm32cube.ide.mcu.externaltools.gnu-tools-for-stm32.7-2018-q2-update.win32_1.5.0.202011040924/tools/bin/../lib/gcc/arm-none-eabi/7.3.1/../../../../arm-none-eabi/lib/thumb/v7e-m/fpv4-sp/hard\libm.a(lib_a-ef_rem_pio2.o)
                0x000000000800b254                __ieee754_rem_pio2f
 *fill*         0x000000000800b4ac        0x4 
 .text.__kernel_cos
                0x000000000800b4b0      0x18c c:/st/stm32cubeide_1.5.1/stm32cubeide/plugins/com.st.stm32cube.ide.mcu.externaltools.gnu-tools-for-stm32.7-2018-q2-update.win32_1.5.0.202011040924/tools/bin/../lib/gcc/arm-none-eabi/7.3.1/../../../../arm-none-eabi/lib/thumb/v7e-m/fpv4-sp/hard\libm.a(lib_a-k_cos.o)
                0x000000000800b4b0                __kernel_cos
 *fill*         0x000000000800b63c        0x4 
 .text.__kernel_rem_pio2
                0x000000000800b640      0x680 c:/st/stm32cubeide_1.5.1/stm32cubeide/plugins/com.st.stm32cube.ide.mcu.externaltools.gnu-tools-for-stm32.7-2018-q2-update.win32_1.5.0.202011040924/tools/bin/../lib/gcc/arm-none-eabi/7.3.1/../../../../arm-none-eabi/lib/thumb/v7e-m/fpv4-sp/hard\libm.a(lib_a-k_rem_pio2.o)
                0x000000000800b640                __kernel_rem_pio2
 .text.__kernel_sin
                0x000000000800bcc0      0x174 c:/st/stm32cubeide_1.5.1/stm32cubeide/plugins/com.st.stm32cube.ide.mcu.externaltools.gnu-tools-for-stm32.7-2018-q2-update.win32_1.5.0.202011040924/tools/bin/../lib/gcc/arm-none-eabi/7.3.1/../../../../arm-none-eabi/lib/thumb/v7e-m/fpv4-sp/hard\libm.a(lib_a-k_sin.o)
                0x000000000800bcc0                __kernel_sin
 .text.__kernel_cosf
                0x000000000800be34       0xbc c:/st/stm32cubeide_1.5.1/stm32cubeide/plugins/com.st.stm32cube.ide.mcu.externaltools.gnu-tools-for-stm32.7-2018-q2-update.win32_1.5.0.202011040924/tools/bin/../lib/gcc/arm-none-eabi/7.3.1/../../../../arm-none-eabi/lib/thumb/v7e-m/fpv4-sp/hard\libm.a(lib_a-kf_cos.o)
                0x000000000800be34                __kernel_cosf
 .text.__kernel_rem_pio2f
                0x000000000800bef0      0x504 c:/st/stm32cubeide_1.5.1/stm32cubeide/plugins/com.st.stm32cube.ide.mcu.externaltools.gnu-tools-for-stm32.7-2018-q2-update.win32_1.5.0.202011040924/tools/bin/../lib/gcc/arm-none-eabi/7.3.1/../../../../arm-none-eabi/lib/thumb/v7e-m/fpv4-sp/hard\libm.a(lib_a-kf_rem_pio2.o)
                0x000000000800bef0                __kernel_rem_pio2f
 .text.__kernel_sinf
                0x000000000800c3f4       0x90 c:/st/stm32cubeide_1.5.1/stm32cubeide/plugins/com.st.stm32cube.ide.mcu.externaltools.gnu-tools-for-stm32.7-2018-q2-update.win32_1.5.0.202011040924/tools/bin/../lib/gcc/arm-none-eabi/7.3.1/../../../../arm-none-eabi/lib/thumb/v7e-m/fpv4-sp/hard\libm.a(lib_a-kf_sin.o)
                0x000000000800c3f4                __kernel_sinf
 .text.fabs     0x000000000800c484       0x12 c:/st/stm32cubeide_1.5.1/stm32cubeide/plugins/com.st.stm32cube.ide.mcu.externaltools.gnu-tools-for-stm32.7-2018-q2-update.win32_1.5.0.202011040924/tools/bin/../lib/gcc/arm-none-eabi/7.3.1/../../../../arm-none-eabi/lib/thumb/v7e-m/fpv4-sp/hard\libm.a(lib_a-s_fabs.o)
                0x000000000800c484                fabs
 *fill*         0x000000000800c496        0x2 
 .text.floor    0x000000000800c498      0x108 c:/st/stm32cubeide_1.5.1/stm32cubeide/plugins/com.st.stm32cube.ide.mcu.externaltools.gnu-tools-for-stm32.7-2018-q2-update.win32_1.5.0.202011040924/tools/bin/../lib/gcc/arm-none-eabi/7.3.1/../../../../arm-none-eabi/lib/thumb/v7e-m/fpv4-sp/hard\libm.a(lib_a-s_floor.o)
                0x000000000800c498                floor
 .text.scalbn   0x000000000800c5a0       0xec c:/st/stm32cubeide_1.5.1/stm32cubeide/plugins/com.st.stm32cube.ide.mcu.externaltools.gnu-tools-for-stm32.7-2018-q2-update.win32_1.5.0.202011040924/tools/bin/../lib/gcc/arm-none-eabi/7.3.1/../../../../arm-none-eabi/lib/thumb/v7e-m/fpv4-sp/hard\libm.a(lib_a-s_scalbn.o)
                0x000000000800c5a0                scalbn
 .text.fabsf    0x000000000800c68c        0xe c:/st/stm32cubeide_1.5.1/stm32cubeide/plugins/com.st.stm32cube.ide.mcu.externaltools.gnu-tools-for-stm32.7-2018-q2-update.win32_1.5.0.202011040924/tools/bin/../lib/gcc/arm-none-eabi/7.3.1/../../../../arm-none-eabi/lib/thumb/v7e-m/fpv4-sp/hard\libm.a(lib_a-sf_fabs.o)
                0x000000000800c68c                fabsf
 *fill*         0x000000000800c69a        0x2 
 .text.floorf   0x000000000800c69c       0x84 c:/st/stm32cubeide_1.5.1/stm32cubeide/plugins/com.st.stm32cube.ide.mcu.externaltools.gnu-tools-for-stm32.7-2018-q2-update.win32_1.5.0.202011040924/tools/bin/../lib/gcc/arm-none-eabi/7.3.1/../../../../arm-none-eabi/lib/thumb/v7e-m/fpv4-sp/hard\libm.a(lib_a-sf_floor.o)
                0x000000000800c69c                floorf
 .text.scalbnf  0x000000000800c720       0xc0 c:/st/stm32cubeide_1.5.1/stm32cubeide/plugins/com.st.stm32cube.ide.mcu.externaltools.gnu-tools-for-stm32.7-2018-q2-update.win32_1.5.0.202011040924/tools/bin/../lib/gcc/arm-none-eabi/7.3.1/../../../../arm-none-eabi/lib/thumb/v7e-m/fpv4-sp/hard\libm.a(lib_a-sf_scalbn.o)
                0x000000000800c720                scalbnf
 .text.copysign
                0x000000000800c7e0       0x1e c:/st/stm32cubeide_1.5.1/stm32cubeide/plugins/com.st.stm32cube.ide.mcu.externaltools.gnu-tools-for-stm32.7-2018-q2-update.win32_1.5.0.202011040924/tools/bin/../lib/gcc/arm-none-eabi/7.3.1/../../../../arm-none-eabi/lib/thumb/v7e-m/fpv4-sp/hard\libm.a(lib_a-s_copysign.o)
                0x000000000800c7e0                copysign
 .text.copysignf
                0x000000000800c7fe       0x18 c:/st/stm32cubeide_1.5.1/stm32cubeide/plugins/com.st.stm32cube.ide.mcu.externaltools.gnu-tools-for-stm32.7-2018-q2-update.win32_1.5.0.202011040924/tools/bin/../lib/gcc/arm-none-eabi/7.3.1/../../../../arm-none-eabi/lib/thumb/v7e-m/fpv4-sp/hard\libm.a(lib_a-sf_copysign.o)
                0x000000000800c7fe                copysignf
 *fill*         0x000000000800c816        0x2 
 .text.__errno  0x000000000800c818        0xc c:/st/stm32cubeide_1.5.1/stm32cubeide/plugins/com.st.stm32cube.ide.mcu.externaltools.gnu-tools-for-stm32.7-2018-q2-update.win32_1.5.0.202011040924/tools/bin/../lib/gcc/arm-none-eabi/7.3.1/../../../../arm-none-eabi/lib/thumb/v7e-m/fpv4-sp/hard\libc_nano.a(lib_a-errno.o)
                0x000000000800c818                __errno
 .text.__libc_init_array
                0x000000000800c824       0x48 c:/st/stm32cubeide_1.5.1/stm32cubeide/plugins/com.st.stm32cube.ide.mcu.externaltools.gnu-tools-for-stm32.7-2018-q2-update.win32_1.5.0.202011040924/tools/bin/../lib/gcc/arm-none-eabi/7.3.1/../../../../arm-none-eabi/lib/thumb/v7e-m/fpv4-sp/hard\libc_nano.a(lib_a-init.o)
                0x000000000800c824                __libc_init_array
 .text.memcpy   0x000000000800c86c       0x16 c:/st/stm32cubeide_1.5.1/stm32cubeide/plugins/com.st.stm32cube.ide.mcu.externaltools.gnu-tools-for-stm32.7-2018-q2-update.win32_1.5.0.202011040924/tools/bin/../lib/gcc/arm-none-eabi/7.3.1/../../../../arm-none-eabi/lib/thumb/v7e-m/fpv4-sp/hard\libc_nano.a(lib_a-memcpy-stub.o)
                0x000000000800c86c                memcpy
 .text.memset   0x000000000800c882       0x10 c:/st/stm32cubeide_1.5.1/stm32cubeide/plugins/com.st.stm32cube.ide.mcu.externaltools.gnu-tools-for-stm32.7-2018-q2-update.win32_1.5.0.202011040924/tools/bin/../lib/gcc/arm-none-eabi/7.3.1/../../../../arm-none-eabi/lib/thumb/v7e-m/fpv4-sp/hard\libc_nano.a(lib_a-memset.o)
                0x000000000800c882                memset
 .text.__cvt    0x000000000800c892       0xc2 c:/st/stm32cubeide_1.5.1/stm32cubeide/plugins/com.st.stm32cube.ide.mcu.externaltools.gnu-tools-for-stm32.7-2018-q2-update.win32_1.5.0.202011040924/tools/bin/../lib/gcc/arm-none-eabi/7.3.1/../../../../arm-none-eabi/lib/thumb/v7e-m/fpv4-sp/hard\libc_nano.a(lib_a-nano-vfprintf_float.o)
                0x000000000800c892                __cvt
 .text.__exponent
                0x000000000800c954       0x66 c:/st/stm32cubeide_1.5.1/stm32cubeide/plugins/com.st.stm32cube.ide.mcu.externaltools.gnu-tools-for-stm32.7-2018-q2-update.win32_1.5.0.202011040924/tools/bin/../lib/gcc/arm-none-eabi/7.3.1/../../../../arm-none-eabi/lib/thumb/v7e-m/fpv4-sp/hard\libc_nano.a(lib_a-nano-vfprintf_float.o)
                0x000000000800c954                __exponent
 *fill*         0x000000000800c9ba        0x2 
 .text._printf_float
                0x000000000800c9bc      0x480 c:/st/stm32cubeide_1.5.1/stm32cubeide/plugins/com.st.stm32cube.ide.mcu.externaltools.gnu-tools-for-stm32.7-2018-q2-update.win32_1.5.0.202011040924/tools/bin/../lib/gcc/arm-none-eabi/7.3.1/../../../../arm-none-eabi/lib/thumb/v7e-m/fpv4-sp/hard\libc_nano.a(lib_a-nano-vfprintf_float.o)
                0x000000000800c9bc                _printf_float
 .text._printf_common
                0x000000000800ce3c       0xea c:/st/stm32cubeide_1.5.1/stm32cubeide/plugins/com.st.stm32cube.ide.mcu.externaltools.gnu-tools-for-stm32.7-2018-q2-update.win32_1.5.0.202011040924/tools/bin/../lib/gcc/arm-none-eabi/7.3.1/../../../../arm-none-eabi/lib/thumb/v7e-m/fpv4-sp/hard\libc_nano.a(lib_a-nano-vfprintf_i.o)
                0x000000000800ce3c                _printf_common
 *fill*         0x000000000800cf26        0x2 
 .text._printf_i
                0x000000000800cf28      0x224 c:/st/stm32cubeide_1.5.1/stm32cubeide/plugins/com.st.stm32cube.ide.mcu.externaltools.gnu-tools-for-stm32.7-2018-q2-update.win32_1.5.0.202011040924/tools/bin/../lib/gcc/arm-none-eabi/7.3.1/../../../../arm-none-eabi/lib/thumb/v7e-m/fpv4-sp/hard\libc_nano.a(lib_a-nano-vfprintf_i.o)
                0x000000000800cf28                _printf_i
 .text._scanf_float
                0x000000000800d14c      0x3c4 c:/st/stm32cubeide_1.5.1/stm32cubeide/plugins/com.st.stm32cube.ide.mcu.externaltools.gnu-tools-for-stm32.7-2018-q2-update.win32_1.5.0.202011040924/tools/bin/../lib/gcc/arm-none-eabi/7.3.1/../../../../arm-none-eabi/lib/thumb/v7e-m/fpv4-sp/hard\libc_nano.a(lib_a-nano-vfscanf_float.o)
                0x000000000800d14c                _scanf_float
 .text.printf   0x000000000800d510       0x30 c:/st/stm32cubeide_1.5.1/stm32cubeide/plugins/com.st.stm32cube.ide.mcu.externaltools.gnu-tools-for-stm32.7-2018-q2-update.win32_1.5.0.202011040924/tools/bin/../lib/gcc/arm-none-eabi/7.3.1/../../../../arm-none-eabi/lib/thumb/v7e-m/fpv4-sp/hard\libc_nano.a(lib_a-printf.o)
                0x000000000800d510                iprintf
                0x000000000800d510                printf
 .text._puts_r  0x000000000800d540       0xb8 c:/st/stm32cubeide_1.5.1/stm32cubeide/plugins/com.st.stm32cube.ide.mcu.externaltools.gnu-tools-for-stm32.7-2018-q2-update.win32_1.5.0.202011040924/tools/bin/../lib/gcc/arm-none-eabi/7.3.1/../../../../arm-none-eabi/lib/thumb/v7e-m/fpv4-sp/hard\libc_nano.a(lib_a-puts.o)
                0x000000000800d540                _puts_r
 .text.puts     0x000000000800d5f8       0x10 c:/st/stm32cubeide_1.5.1/stm32cubeide/plugins/com.st.stm32cube.ide.mcu.externaltools.gnu-tools-for-stm32.7-2018-q2-update.win32_1.5.0.202011040924/tools/bin/../lib/gcc/arm-none-eabi/7.3.1/../../../../arm-none-eabi/lib/thumb/v7e-m/fpv4-sp/hard\libc_nano.a(lib_a-puts.o)
                0x000000000800d5f8                puts
 .text.nanf     0x000000000800d608        0xc c:/st/stm32cubeide_1.5.1/stm32cubeide/plugins/com.st.stm32cube.ide.mcu.externaltools.gnu-tools-for-stm32.7-2018-q2-update.win32_1.5.0.202011040924/tools/bin/../lib/gcc/arm-none-eabi/7.3.1/../../../../arm-none-eabi/lib/thumb/v7e-m/fpv4-sp/hard\libc_nano.a(lib_a-sf_nan.o)
                0x000000000800d608                nanf
 .text.sprintf  0x000000000800d614       0x40 c:/st/stm32cubeide_1.5.1/stm32cubeide/plugins/com.st.stm32cube.ide.mcu.externaltools.gnu-tools-for-stm32.7-2018-q2-update.win32_1.5.0.202011040924/tools/bin/../lib/gcc/arm-none-eabi/7.3.1/../../../../arm-none-eabi/lib/thumb/v7e-m/fpv4-sp/hard\libc_nano.a(lib_a-sprintf.o)
                0x000000000800d614                siprintf
                0x000000000800d614                sprintf
 .text.unlikely.sulp
                0x000000000800d654       0x38 c:/st/stm32cubeide_1.5.1/stm32cubeide/plugins/com.st.stm32cube.ide.mcu.externaltools.gnu-tools-for-stm32.7-2018-q2-update.win32_1.5.0.202011040924/tools/bin/../lib/gcc/arm-none-eabi/7.3.1/../../../../arm-none-eabi/lib/thumb/v7e-m/fpv4-sp/hard\libc_nano.a(lib_a-strtod.o)
 *fill*         0x000000000800d68c        0x4 
 .text._strtod_l
                0x000000000800d690      0xbe8 c:/st/stm32cubeide_1.5.1/stm32cubeide/plugins/com.st.stm32cube.ide.mcu.externaltools.gnu-tools-for-stm32.7-2018-q2-update.win32_1.5.0.202011040924/tools/bin/../lib/gcc/arm-none-eabi/7.3.1/../../../../arm-none-eabi/lib/thumb/v7e-m/fpv4-sp/hard\libc_nano.a(lib_a-strtod.o)
                0x000000000800d690                _strtod_l
 .text._strtod_r
                0x000000000800e278       0x20 c:/st/stm32cubeide_1.5.1/stm32cubeide/plugins/com.st.stm32cube.ide.mcu.externaltools.gnu-tools-for-stm32.7-2018-q2-update.win32_1.5.0.202011040924/tools/bin/../lib/gcc/arm-none-eabi/7.3.1/../../../../arm-none-eabi/lib/thumb/v7e-m/fpv4-sp/hard\libc_nano.a(lib_a-strtod.o)
                0x000000000800e278                _strtod_r
 .text._strtol_l.isra.0
                0x000000000800e298       0xf6 c:/st/stm32cubeide_1.5.1/stm32cubeide/plugins/com.st.stm32cube.ide.mcu.externaltools.gnu-tools-for-stm32.7-2018-q2-update.win32_1.5.0.202011040924/tools/bin/../lib/gcc/arm-none-eabi/7.3.1/../../../../arm-none-eabi/lib/thumb/v7e-m/fpv4-sp/hard\libc_nano.a(lib_a-strtol.o)
 *fill*         0x000000000800e38e        0x2 
 .text._strtol_r
                0x000000000800e390       0x24 c:/st/stm32cubeide_1.5.1/stm32cubeide/plugins/com.st.stm32cube.ide.mcu.externaltools.gnu-tools-for-stm32.7-2018-q2-update.win32_1.5.0.202011040924/tools/bin/../lib/gcc/arm-none-eabi/7.3.1/../../../../arm-none-eabi/lib/thumb/v7e-m/fpv4-sp/hard\libc_nano.a(lib_a-strtol.o)
                0x000000000800e390                _strtol_r
 .text.__swbuf_r
                0x000000000800e3b4       0xa4 c:/st/stm32cubeide_1.5.1/stm32cubeide/plugins/com.st.stm32cube.ide.mcu.externaltools.gnu-tools-for-stm32.7-2018-q2-update.win32_1.5.0.202011040924/tools/bin/../lib/gcc/arm-none-eabi/7.3.1/../../../../arm-none-eabi/lib/thumb/v7e-m/fpv4-sp/hard\libc_nano.a(lib_a-wbuf.o)
                0x000000000800e3b4                __swbuf_r
 .text.__swsetup_r
                0x000000000800e458       0xdc c:/st/stm32cubeide_1.5.1/stm32cubeide/plugins/com.st.stm32cube.ide.mcu.externaltools.gnu-tools-for-stm32.7-2018-q2-update.win32_1.5.0.202011040924/tools/bin/../lib/gcc/arm-none-eabi/7.3.1/../../../../arm-none-eabi/lib/thumb/v7e-m/fpv4-sp/hard\libc_nano.a(lib_a-wsetup.o)
                0x000000000800e458                __swsetup_r
 .text.quorem   0x000000000800e534      0x118 c:/st/stm32cubeide_1.5.1/stm32cubeide/plugins/com.st.stm32cube.ide.mcu.externaltools.gnu-tools-for-stm32.7-2018-q2-update.win32_1.5.0.202011040924/tools/bin/../lib/gcc/arm-none-eabi/7.3.1/../../../../arm-none-eabi/lib/thumb/v7e-m/fpv4-sp/hard\libc_nano.a(lib_a-dtoa.o)
 *fill*         0x000000000800e64c        0x4 
 .text._dtoa_r  0x000000000800e650      0xb70 c:/st/stm32cubeide_1.5.1/stm32cubeide/plugins/com.st.stm32cube.ide.mcu.externaltools.gnu-tools-for-stm32.7-2018-q2-update.win32_1.5.0.202011040924/tools/bin/../lib/gcc/arm-none-eabi/7.3.1/../../../../arm-none-eabi/lib/thumb/v7e-m/fpv4-sp/hard\libc_nano.a(lib_a-dtoa.o)
                0x000000000800e650                _dtoa_r
 .text.__sflush_r
                0x000000000800f1c0      0x10c c:/st/stm32cubeide_1.5.1/stm32cubeide/plugins/com.st.stm32cube.ide.mcu.externaltools.gnu-tools-for-stm32.7-2018-q2-update.win32_1.5.0.202011040924/tools/bin/../lib/gcc/arm-none-eabi/7.3.1/../../../../arm-none-eabi/lib/thumb/v7e-m/fpv4-sp/hard\libc_nano.a(lib_a-fflush.o)
                0x000000000800f1c0                __sflush_r
 .text._fflush_r
                0x000000000800f2cc       0x54 c:/st/stm32cubeide_1.5.1/stm32cubeide/plugins/com.st.stm32cube.ide.mcu.externaltools.gnu-tools-for-stm32.7-2018-q2-update.win32_1.5.0.202011040924/tools/bin/../lib/gcc/arm-none-eabi/7.3.1/../../../../arm-none-eabi/lib/thumb/v7e-m/fpv4-sp/hard\libc_nano.a(lib_a-fflush.o)
                0x000000000800f2cc                _fflush_r
 .text.std      0x000000000800f320       0x48 c:/st/stm32cubeide_1.5.1/stm32cubeide/plugins/com.st.stm32cube.ide.mcu.externaltools.gnu-tools-for-stm32.7-2018-q2-update.win32_1.5.0.202011040924/tools/bin/../lib/gcc/arm-none-eabi/7.3.1/../../../../arm-none-eabi/lib/thumb/v7e-m/fpv4-sp/hard\libc_nano.a(lib_a-findfp.o)
 .text._cleanup_r
                0x000000000800f368        0xc c:/st/stm32cubeide_1.5.1/stm32cubeide/plugins/com.st.stm32cube.ide.mcu.externaltools.gnu-tools-for-stm32.7-2018-q2-update.win32_1.5.0.202011040924/tools/bin/../lib/gcc/arm-none-eabi/7.3.1/../../../../arm-none-eabi/lib/thumb/v7e-m/fpv4-sp/hard\libc_nano.a(lib_a-findfp.o)
                0x000000000800f368                _cleanup_r
 .text.__sfmoreglue
                0x000000000800f374       0x2c c:/st/stm32cubeide_1.5.1/stm32cubeide/plugins/com.st.stm32cube.ide.mcu.externaltools.gnu-tools-for-stm32.7-2018-q2-update.win32_1.5.0.202011040924/tools/bin/../lib/gcc/arm-none-eabi/7.3.1/../../../../arm-none-eabi/lib/thumb/v7e-m/fpv4-sp/hard\libc_nano.a(lib_a-findfp.o)
                0x000000000800f374                __sfmoreglue
 .text.__sinit  0x000000000800f3a0       0x60 c:/st/stm32cubeide_1.5.1/stm32cubeide/plugins/com.st.stm32cube.ide.mcu.externaltools.gnu-tools-for-stm32.7-2018-q2-update.win32_1.5.0.202011040924/tools/bin/../lib/gcc/arm-none-eabi/7.3.1/../../../../arm-none-eabi/lib/thumb/v7e-m/fpv4-sp/hard\libc_nano.a(lib_a-findfp.o)
                0x000000000800f3a0                __sinit
 .text.__sfp    0x000000000800f400       0x78 c:/st/stm32cubeide_1.5.1/stm32cubeide/plugins/com.st.stm32cube.ide.mcu.externaltools.gnu-tools-for-stm32.7-2018-q2-update.win32_1.5.0.202011040924/tools/bin/../lib/gcc/arm-none-eabi/7.3.1/../../../../arm-none-eabi/lib/thumb/v7e-m/fpv4-sp/hard\libc_nano.a(lib_a-findfp.o)
                0x000000000800f400                __sfp
 .text._fwalk_reent
                0x000000000800f478       0x3c c:/st/stm32cubeide_1.5.1/stm32cubeide/plugins/com.st.stm32cube.ide.mcu.externaltools.gnu-tools-for-stm32.7-2018-q2-update.win32_1.5.0.202011040924/tools/bin/../lib/gcc/arm-none-eabi/7.3.1/../../../../arm-none-eabi/lib/thumb/v7e-m/fpv4-sp/hard\libc_nano.a(lib_a-fwalk.o)
                0x000000000800f478                _fwalk_reent
 .text.rshift   0x000000000800f4b4       0x74 c:/st/stm32cubeide_1.5.1/stm32cubeide/plugins/com.st.stm32cube.ide.mcu.externaltools.gnu-tools-for-stm32.7-2018-q2-update.win32_1.5.0.202011040924/tools/bin/../lib/gcc/arm-none-eabi/7.3.1/../../../../arm-none-eabi/lib/thumb/v7e-m/fpv4-sp/hard\libc_nano.a(lib_a-gdtoa-gethex.o)
 .text.__hexdig_fun
                0x000000000800f528       0x2a c:/st/stm32cubeide_1.5.1/stm32cubeide/plugins/com.st.stm32cube.ide.mcu.externaltools.gnu-tools-for-stm32.7-2018-q2-update.win32_1.5.0.202011040924/tools/bin/../lib/gcc/arm-none-eabi/7.3.1/../../../../arm-none-eabi/lib/thumb/v7e-m/fpv4-sp/hard\libc_nano.a(lib_a-gdtoa-gethex.o)
                0x000000000800f528                __hexdig_fun
 .text.__gethex
                0x000000000800f552      0x442 c:/st/stm32cubeide_1.5.1/stm32cubeide/plugins/com.st.stm32cube.ide.mcu.externaltools.gnu-tools-for-stm32.7-2018-q2-update.win32_1.5.0.202011040924/tools/bin/../lib/gcc/arm-none-eabi/7.3.1/../../../../arm-none-eabi/lib/thumb/v7e-m/fpv4-sp/hard\libc_nano.a(lib_a-gdtoa-gethex.o)
                0x000000000800f552                __gethex
 .text.L_shift  0x000000000800f994       0x24 c:/st/stm32cubeide_1.5.1/stm32cubeide/plugins/com.st.stm32cube.ide.mcu.externaltools.gnu-tools-for-stm32.7-2018-q2-update.win32_1.5.0.202011040924/tools/bin/../lib/gcc/arm-none-eabi/7.3.1/../../../../arm-none-eabi/lib/thumb/v7e-m/fpv4-sp/hard\libc_nano.a(lib_a-gdtoa-hexnan.o)
 .text.__match  0x000000000800f9b8       0x28 c:/st/stm32cubeide_1.5.1/stm32cubeide/plugins/com.st.stm32cube.ide.mcu.externaltools.gnu-tools-for-stm32.7-2018-q2-update.win32_1.5.0.202011040924/tools/bin/../lib/gcc/arm-none-eabi/7.3.1/../../../../arm-none-eabi/lib/thumb/v7e-m/fpv4-sp/hard\libc_nano.a(lib_a-gdtoa-hexnan.o)
                0x000000000800f9b8                __match
 .text.__hexnan
                0x000000000800f9e0      0x120 c:/st/stm32cubeide_1.5.1/stm32cubeide/plugins/com.st.stm32cube.ide.mcu.externaltools.gnu-tools-for-stm32.7-2018-q2-update.win32_1.5.0.202011040924/tools/bin/../lib/gcc/arm-none-eabi/7.3.1/../../../../arm-none-eabi/lib/thumb/v7e-m/fpv4-sp/hard\libc_nano.a(lib_a-gdtoa-hexnan.o)
                0x000000000800f9e0                __hexnan
 .text.__locale_ctype_ptr_l
                0x000000000800fb00        0x6 c:/st/stm32cubeide_1.5.1/stm32cubeide/plugins/com.st.stm32cube.ide.mcu.externaltools.gnu-tools-for-stm32.7-2018-q2-update.win32_1.5.0.202011040924/tools/bin/../lib/gcc/arm-none-eabi/7.3.1/../../../../arm-none-eabi/lib/thumb/v7e-m/fpv4-sp/hard\libc_nano.a(lib_a-locale.o)
                0x000000000800fb00                __locale_ctype_ptr_l
 .text.__localeconv_l
                0x000000000800fb06        0x4 c:/st/stm32cubeide_1.5.1/stm32cubeide/plugins/com.st.stm32cube.ide.mcu.externaltools.gnu-tools-for-stm32.7-2018-q2-update.win32_1.5.0.202011040924/tools/bin/../lib/gcc/arm-none-eabi/7.3.1/../../../../arm-none-eabi/lib/thumb/v7e-m/fpv4-sp/hard\libc_nano.a(lib_a-localeconv.o)
                0x000000000800fb06                __localeconv_l
 *fill*         0x000000000800fb0a        0x2 
 .text._localeconv_r
                0x000000000800fb0c       0x1c c:/st/stm32cubeide_1.5.1/stm32cubeide/plugins/com.st.stm32cube.ide.mcu.externaltools.gnu-tools-for-stm32.7-2018-q2-update.win32_1.5.0.202011040924/tools/bin/../lib/gcc/arm-none-eabi/7.3.1/../../../../arm-none-eabi/lib/thumb/v7e-m/fpv4-sp/hard\libc_nano.a(lib_a-localeconv.o)
                0x000000000800fb0c                _localeconv_r
 .text.__swhatbuf_r
                0x000000000800fb28       0x48 c:/st/stm32cubeide_1.5.1/stm32cubeide/plugins/com.st.stm32cube.ide.mcu.externaltools.gnu-tools-for-stm32.7-2018-q2-update.win32_1.5.0.202011040924/tools/bin/../lib/gcc/arm-none-eabi/7.3.1/../../../../arm-none-eabi/lib/thumb/v7e-m/fpv4-sp/hard\libc_nano.a(lib_a-makebuf.o)
                0x000000000800fb28                __swhatbuf_r
 .text.__smakebuf_r
                0x000000000800fb70       0x80 c:/st/stm32cubeide_1.5.1/stm32cubeide/plugins/com.st.stm32cube.ide.mcu.externaltools.gnu-tools-for-stm32.7-2018-q2-update.win32_1.5.0.202011040924/tools/bin/../lib/gcc/arm-none-eabi/7.3.1/../../../../arm-none-eabi/lib/thumb/v7e-m/fpv4-sp/hard\libc_nano.a(lib_a-makebuf.o)
                0x000000000800fb70                __smakebuf_r
 .text.malloc   0x000000000800fbf0       0x10 c:/st/stm32cubeide_1.5.1/stm32cubeide/plugins/com.st.stm32cube.ide.mcu.externaltools.gnu-tools-for-stm32.7-2018-q2-update.win32_1.5.0.202011040924/tools/bin/../lib/gcc/arm-none-eabi/7.3.1/../../../../arm-none-eabi/lib/thumb/v7e-m/fpv4-sp/hard\libc_nano.a(lib_a-malloc.o)
                0x000000000800fbf0                malloc
 .text.__ascii_mbtowc
                0x000000000800fc00       0x24 c:/st/stm32cubeide_1.5.1/stm32cubeide/plugins/com.st.stm32cube.ide.mcu.externaltools.gnu-tools-for-stm32.7-2018-q2-update.win32_1.5.0.202011040924/tools/bin/../lib/gcc/arm-none-eabi/7.3.1/../../../../arm-none-eabi/lib/thumb/v7e-m/fpv4-sp/hard\libc_nano.a(lib_a-mbtowc_r.o)
                0x000000000800fc00                __ascii_mbtowc
 .text._Balloc  0x000000000800fc24       0x68 c:/st/stm32cubeide_1.5.1/stm32cubeide/plugins/com.st.stm32cube.ide.mcu.externaltools.gnu-tools-for-stm32.7-2018-q2-update.win32_1.5.0.202011040924/tools/bin/../lib/gcc/arm-none-eabi/7.3.1/../../../../arm-none-eabi/lib/thumb/v7e-m/fpv4-sp/hard\libc_nano.a(lib_a-mprec.o)
                0x000000000800fc24                _Balloc
 .text._Bfree   0x000000000800fc8c       0x2e c:/st/stm32cubeide_1.5.1/stm32cubeide/plugins/com.st.stm32cube.ide.mcu.externaltools.gnu-tools-for-stm32.7-2018-q2-update.win32_1.5.0.202011040924/tools/bin/../lib/gcc/arm-none-eabi/7.3.1/../../../../arm-none-eabi/lib/thumb/v7e-m/fpv4-sp/hard\libc_nano.a(lib_a-mprec.o)
                0x000000000800fc8c                _Bfree
 .text.__multadd
                0x000000000800fcba       0x76 c:/st/stm32cubeide_1.5.1/stm32cubeide/plugins/com.st.stm32cube.ide.mcu.externaltools.gnu-tools-for-stm32.7-2018-q2-update.win32_1.5.0.202011040924/tools/bin/../lib/gcc/arm-none-eabi/7.3.1/../../../../arm-none-eabi/lib/thumb/v7e-m/fpv4-sp/hard\libc_nano.a(lib_a-mprec.o)
                0x000000000800fcba                __multadd
 .text.__s2b    0x000000000800fd30       0x7c c:/st/stm32cubeide_1.5.1/stm32cubeide/plugins/com.st.stm32cube.ide.mcu.externaltools.gnu-tools-for-stm32.7-2018-q2-update.win32_1.5.0.202011040924/tools/bin/../lib/gcc/arm-none-eabi/7.3.1/../../../../arm-none-eabi/lib/thumb/v7e-m/fpv4-sp/hard\libc_nano.a(lib_a-mprec.o)
                0x000000000800fd30                __s2b
 .text.__hi0bits
                0x000000000800fdac       0x3e c:/st/stm32cubeide_1.5.1/stm32cubeide/plugins/com.st.stm32cube.ide.mcu.externaltools.gnu-tools-for-stm32.7-2018-q2-update.win32_1.5.0.202011040924/tools/bin/../lib/gcc/arm-none-eabi/7.3.1/../../../../arm-none-eabi/lib/thumb/v7e-m/fpv4-sp/hard\libc_nano.a(lib_a-mprec.o)
                0x000000000800fdac                __hi0bits
 .text.__lo0bits
                0x000000000800fdea       0x5e c:/st/stm32cubeide_1.5.1/stm32cubeide/plugins/com.st.stm32cube.ide.mcu.externaltools.gnu-tools-for-stm32.7-2018-q2-update.win32_1.5.0.202011040924/tools/bin/../lib/gcc/arm-none-eabi/7.3.1/../../../../arm-none-eabi/lib/thumb/v7e-m/fpv4-sp/hard\libc_nano.a(lib_a-mprec.o)
                0x000000000800fdea                __lo0bits
 .text.__i2b    0x000000000800fe48       0x12 c:/st/stm32cubeide_1.5.1/stm32cubeide/plugins/com.st.stm32cube.ide.mcu.externaltools.gnu-tools-for-stm32.7-2018-q2-update.win32_1.5.0.202011040924/tools/bin/../lib/gcc/arm-none-eabi/7.3.1/../../../../arm-none-eabi/lib/thumb/v7e-m/fpv4-sp/hard\libc_nano.a(lib_a-mprec.o)
                0x000000000800fe48                __i2b
 .text.__multiply
                0x000000000800fe5a      0x12c c:/st/stm32cubeide_1.5.1/stm32cubeide/plugins/com.st.stm32cube.ide.mcu.externaltools.gnu-tools-for-stm32.7-2018-q2-update.win32_1.5.0.202011040924/tools/bin/../lib/gcc/arm-none-eabi/7.3.1/../../../../arm-none-eabi/lib/thumb/v7e-m/fpv4-sp/hard\libc_nano.a(lib_a-mprec.o)
                0x000000000800fe5a                __multiply
 *fill*         0x000000000800ff86        0x2 
 .text.__pow5mult
                0x000000000800ff88       0x9c c:/st/stm32cubeide_1.5.1/stm32cubeide/plugins/com.st.stm32cube.ide.mcu.externaltools.gnu-tools-for-stm32.7-2018-q2-update.win32_1.5.0.202011040924/tools/bin/../lib/gcc/arm-none-eabi/7.3.1/../../../../arm-none-eabi/lib/thumb/v7e-m/fpv4-sp/hard\libc_nano.a(lib_a-mprec.o)
                0x000000000800ff88                __pow5mult
 .text.__lshift
                0x0000000008010024       0xa8 c:/st/stm32cubeide_1.5.1/stm32cubeide/plugins/com.st.stm32cube.ide.mcu.externaltools.gnu-tools-for-stm32.7-2018-q2-update.win32_1.5.0.202011040924/tools/bin/../lib/gcc/arm-none-eabi/7.3.1/../../../../arm-none-eabi/lib/thumb/v7e-m/fpv4-sp/hard\libc_nano.a(lib_a-mprec.o)
                0x0000000008010024                __lshift
 .text.__mcmp   0x00000000080100cc       0x34 c:/st/stm32cubeide_1.5.1/stm32cubeide/plugins/com.st.stm32cube.ide.mcu.externaltools.gnu-tools-for-stm32.7-2018-q2-update.win32_1.5.0.202011040924/tools/bin/../lib/gcc/arm-none-eabi/7.3.1/../../../../arm-none-eabi/lib/thumb/v7e-m/fpv4-sp/hard\libc_nano.a(lib_a-mprec.o)
                0x00000000080100cc                __mcmp
 .text.__mdiff  0x0000000008010100       0xba c:/st/stm32cubeide_1.5.1/stm32cubeide/plugins/com.st.stm32cube.ide.mcu.externaltools.gnu-tools-for-stm32.7-2018-q2-update.win32_1.5.0.202011040924/tools/bin/../lib/gcc/arm-none-eabi/7.3.1/../../../../arm-none-eabi/lib/thumb/v7e-m/fpv4-sp/hard\libc_nano.a(lib_a-mprec.o)
                0x0000000008010100                __mdiff
 *fill*         0x00000000080101ba        0x2 
 .text.__ulp    0x00000000080101bc       0x50 c:/st/stm32cubeide_1.5.1/stm32cubeide/plugins/com.st.stm32cube.ide.mcu.externaltools.gnu-tools-for-stm32.7-2018-q2-update.win32_1.5.0.202011040924/tools/bin/../lib/gcc/arm-none-eabi/7.3.1/../../../../arm-none-eabi/lib/thumb/v7e-m/fpv4-sp/hard\libc_nano.a(lib_a-mprec.o)
                0x00000000080101bc                __ulp
 .text.__b2d    0x000000000801020c       0x9c c:/st/stm32cubeide_1.5.1/stm32cubeide/plugins/com.st.stm32cube.ide.mcu.externaltools.gnu-tools-for-stm32.7-2018-q2-update.win32_1.5.0.202011040924/tools/bin/../lib/gcc/arm-none-eabi/7.3.1/../../../../arm-none-eabi/lib/thumb/v7e-m/fpv4-sp/hard\libc_nano.a(lib_a-mprec.o)
                0x000000000801020c                __b2d
 .text.__d2b    0x00000000080102a8       0x9e c:/st/stm32cubeide_1.5.1/stm32cubeide/plugins/com.st.stm32cube.ide.mcu.externaltools.gnu-tools-for-stm32.7-2018-q2-update.win32_1.5.0.202011040924/tools/bin/../lib/gcc/arm-none-eabi/7.3.1/../../../../arm-none-eabi/lib/thumb/v7e-m/fpv4-sp/hard\libc_nano.a(lib_a-mprec.o)
                0x00000000080102a8                __d2b
 .text.__ratio  0x0000000008010346       0x66 c:/st/stm32cubeide_1.5.1/stm32cubeide/plugins/com.st.stm32cube.ide.mcu.externaltools.gnu-tools-for-stm32.7-2018-q2-update.win32_1.5.0.202011040924/tools/bin/../lib/gcc/arm-none-eabi/7.3.1/../../../../arm-none-eabi/lib/thumb/v7e-m/fpv4-sp/hard\libc_nano.a(lib_a-mprec.o)
                0x0000000008010346                __ratio
 .text.__copybits
                0x00000000080103ac       0x34 c:/st/stm32cubeide_1.5.1/stm32cubeide/plugins/com.st.stm32cube.ide.mcu.externaltools.gnu-tools-for-stm32.7-2018-q2-update.win32_1.5.0.202011040924/tools/bin/../lib/gcc/arm-none-eabi/7.3.1/../../../../arm-none-eabi/lib/thumb/v7e-m/fpv4-sp/hard\libc_nano.a(lib_a-mprec.o)
                0x00000000080103ac                __copybits
 .text.__any_on
                0x00000000080103e0       0x42 c:/st/stm32cubeide_1.5.1/stm32cubeide/plugins/com.st.stm32cube.ide.mcu.externaltools.gnu-tools-for-stm32.7-2018-q2-update.win32_1.5.0.202011040924/tools/bin/../lib/gcc/arm-none-eabi/7.3.1/../../../../arm-none-eabi/lib/thumb/v7e-m/fpv4-sp/hard\libc_nano.a(lib_a-mprec.o)
                0x00000000080103e0                __any_on
 .text._calloc_r
                0x0000000008010422       0x1c c:/st/stm32cubeide_1.5.1/stm32cubeide/plugins/com.st.stm32cube.ide.mcu.externaltools.gnu-tools-for-stm32.7-2018-q2-update.win32_1.5.0.202011040924/tools/bin/../lib/gcc/arm-none-eabi/7.3.1/../../../../arm-none-eabi/lib/thumb/v7e-m/fpv4-sp/hard\libc_nano.a(lib_a-nano-callocr.o)
                0x0000000008010422                _calloc_r
 *fill*         0x000000000801043e        0x2 
 .text._free_r  0x0000000008010440       0x9c c:/st/stm32cubeide_1.5.1/stm32cubeide/plugins/com.st.stm32cube.ide.mcu.externaltools.gnu-tools-for-stm32.7-2018-q2-update.win32_1.5.0.202011040924/tools/bin/../lib/gcc/arm-none-eabi/7.3.1/../../../../arm-none-eabi/lib/thumb/v7e-m/fpv4-sp/hard\libc_nano.a(lib_a-nano-freer.o)
                0x0000000008010440                _free_r
 .text._malloc_r
                0x00000000080104dc       0xb4 c:/st/stm32cubeide_1.5.1/stm32cubeide/plugins/com.st.stm32cube.ide.mcu.externaltools.gnu-tools-for-stm32.7-2018-q2-update.win32_1.5.0.202011040924/tools/bin/../lib/gcc/arm-none-eabi/7.3.1/../../../../arm-none-eabi/lib/thumb/v7e-m/fpv4-sp/hard\libc_nano.a(lib_a-nano-mallocr.o)
                0x00000000080104dc                _malloc_r
 .text.__ssputs_r
                0x0000000008010590       0xb4 c:/st/stm32cubeide_1.5.1/stm32cubeide/plugins/com.st.stm32cube.ide.mcu.externaltools.gnu-tools-for-stm32.7-2018-q2-update.win32_1.5.0.202011040924/tools/bin/../lib/gcc/arm-none-eabi/7.3.1/../../../../arm-none-eabi/lib/thumb/v7e-m/fpv4-sp/hard\libc_nano.a(lib_a-nano-svfprintf.o)
                0x0000000008010590                __ssputs_r
 .text._svfprintf_r
                0x0000000008010644      0x1f0 c:/st/stm32cubeide_1.5.1/stm32cubeide/plugins/com.st.stm32cube.ide.mcu.externaltools.gnu-tools-for-stm32.7-2018-q2-update.win32_1.5.0.202011040924/tools/bin/../lib/gcc/arm-none-eabi/7.3.1/../../../../arm-none-eabi/lib/thumb/v7e-m/fpv4-sp/hard\libc_nano.a(lib_a-nano-svfprintf.o)
                0x0000000008010644                _svfiprintf_r
                0x0000000008010644                _svfprintf_r
 .text.__sfputc_r
                0x0000000008010834       0x2e c:/st/stm32cubeide_1.5.1/stm32cubeide/plugins/com.st.stm32cube.ide.mcu.externaltools.gnu-tools-for-stm32.7-2018-q2-update.win32_1.5.0.202011040924/tools/bin/../lib/gcc/arm-none-eabi/7.3.1/../../../../arm-none-eabi/lib/thumb/v7e-m/fpv4-sp/hard\libc_nano.a(lib_a-nano-vfprintf.o)
 .text.__sfputs_r