Encoder.c:35:6:initEncoder	8	static
Encoder.c:43:6:updateEncoderCnt	16	static
Encoder.c:61:6:getEncoderCnt	16	static
Encoder.c:67:7:getTotalDistance	4	static
Encoder.c:71:7:getGoalJudgeDistance	4	static
Encoder.c:75:7:getSideLineJudgeDistance	4	static
Encoder.c:79:6:setTotalDistance	16	static
Encoder.c:84:7:getCrossLineIgnoreDistance	4	static
Encoder.c:89:7:getSideLineIgnoreDistance	4	static
Encoder.c:94:6:clearTotalDistance	4	static
Encoder.c:98:6:clearGoalJudgeDistance	4	static
Encoder.c:102:6:clearSideLineJudgeDistance	4	static
Encoder.c:106:6:clearCrossLineIgnoreDistance	4	static
Encoder.c:111:6:clearSideLineIgnoreDistance	4	static
Encoder.c:116:6:resetEncoderCnt	4	static
Encoder.c:122:7:getDistance10mm	4	static
Encoder.c:126:6:clearDistance10mm	4	static
Encoder.c:130:7:getspeedcount	16	static
Encoder.c:138:6:clearspeedcount	4	static
