Encoder.c:34:6:initEncoder	8	static
Encoder.c:42:6:updateEncoderCnt	16	static
Encoder.c:60:6:getEncoderCnt	16	static
Encoder.c:66:7:getTotalDistance	4	static
Encoder.c:70:7:getGoalJudgeDistance	4	static
Encoder.c:74:7:getSideLineJudgeDistance	4	static
Encoder.c:78:6:setTotalDistance	16	static
Encoder.c:83:7:getCrossLineIgnoreDistance	4	static
Encoder.c:88:7:getSideLineIgnoreDistance	4	static
Encoder.c:93:6:clearTotalDistance	4	static
Encoder.c:97:6:clearGoalJudgeDistance	4	static
Encoder.c:101:6:clearSideLineJudgeDistance	4	static
Encoder.c:105:6:clearCrossLineIgnoreDistance	4	static
Encoder.c:110:6:clearSideLineIgnoreDistance	4	static
Encoder.c:115:6:resetEncoderCnt	4	static
Encoder.c:121:7:getDistance10mm	4	static
Encoder.c:125:6:clearDistance10mm	4	static
