Flash_F405.c:33:20:FLASH_Unlock	4	static
Flash_F405.c:39:20:FLASH_Lock	4	static
Flash_F405.c:45:6:FLASH_WaitBusy	4	static
Flash_F405.c:50:6:FLASH_Erease6	8	static
Flash_F405.c:65:6:FLASH_Erease7	8	static
Flash_F405.c:80:6:FLASH_Erease9	8	static
Flash_F405.c:95:6:FLASH_Erease10	8	static
Flash_F405.c:110:6:FLASH_Erease11	8	static
Flash_F405.c:125:6:FLASH_EreaseSector	40	static
Flash_F405.c:139:6:FLASH_Write_HalfWord	16	static
Flash_F405.c:157:6:FLASH_Write_Word	16	static
Flash_F405.c:175:6:FLASH_Write_Word_S	16	static
Flash_F405.c:193:6:FLASH_Write_Word_F	16	static
Flash_F405.c:212:6:FLASH_Write_DoubleWord	32	static
Flash_F405.c:252:6:FLASH_ReadData	24	static
