kanayama.c:32:6:CreateXYcoordinates	64	static
kanayama.c:63:7:CurrentXcoordinates	24	static
kanayama.c:83:7:CurrentYcoordinates	24	static
kanayama.c:103:6:updateTargetpoint	8	static
kanayama.c:149:6:Error_XY_Debug	48	static
kanayama.c:170:6:Velocity_Angularvelocity	48	static
kanayama.c:192:7:getTotal_length	4	static
kanayama.c:197:7:getTargetpoint_X	4	static
kanayama.c:202:7:getTargetpoint_Y	4	static
kanayama.c:207:7:getTargetpoint_Theta	4	static
kanayama.c:212:7:getOutput_velocity	4	static
kanayama.c:217:7:getOutput_angularvelocity	4	static
