kanayama.c:46:6:CreateXYcoordinates	152	static
kanayama.c:197:7:CurrentXcoordinates	24	static
kanayama.c:217:7:CurrentYcoordinates	24	static
kanayama.c:237:6:updateTargetpoint	8	static
kanayama.c:277:6:Error_XY	48	static
kanayama.c:298:6:Velocity_Angularvelocity	40	static
kanayama.c:320:6:checkAngularvelocity	4	static
kanayama.c:331:7:getTotal_length	4	static
kanayama.c:336:7:getTargetpoint_X	4	static
kanayama.c:341:7:getTargetpoint_Y	4	static
kanayama.c:346:7:getTargetpoint_Theta	4	static
kanayama.c:351:7:getOutput_velocity	4	static
kanayama.c:356:7:getOutput_angularvelocity	4	static
kanayama.c:361:10:getSC_X_tablesize	4	static
kanayama.c:365:17:getEuclideanDistanceArrayPointer	4	static
kanayama.c:369:16:getSC_Theta_tableArrayPointer	4	static
kanayama.c:373:6:getcheckAngularvelocityFlag	4	static
