Logger.c:18:6:initLog	4	static
Logger.c:33:6:saveSensor	16	static
Logger.c:38:6:saveDistance	16	static
Logger.c:43:6:saveTheta	16	static
Logger.c:48:6:saveCross	16	static
Logger.c:53:6:saveSide	16	static
Logger.c:58:6:saveDebug	16	static
Logger.c:64:6:ereaseLog	8	static
Logger.c:79:6:ereaseDebugLog	8	static
Logger.c:85:6:ereaseSensorLog	8	static
Logger.c:91:10:getSensorLogSize	4	static
Logger.c:95:10:getDistanceLogSize	4	static
Logger.c:99:10:getCrossLogSize	4	static
Logger.c:103:10:getSideLogSize	4	static
Logger.c:107:10:getDebugLogSize	4	static
Logger.c:111:6:loadSensor	16	static
Logger.c:129:6:loadDistance	16	static
Logger.c:147:6:loadTheta	16	static
Logger.c:165:6:loadCross	16	static
Logger.c:183:6:loadSide	16	static
Logger.c:201:6:loadDebug	16	static
Logger.c:219:14:getSensorArrayPointer	4	static
Logger.c:223:14:getDistanceArrayPointer	4	static
Logger.c:227:14:getThetaArrayPointer	4	static
Logger.c:231:14:getCrossArrayPointer	4	static
Logger.c:235:14:getSideArrayPointer	4	static
Logger.c:239:7:getSensorLog	16	static
Logger.c:243:7:getDistanceLog	16	static
Logger.c:247:7:getThetaLog	16	static
Logger.c:251:7:getCrossLog	16	static
Logger.c:255:7:getSideLog	16	static
Logger.c:259:7:getDebugLog	16	static
