Logger.c:20:6:initLog	4	static
Logger.c:33:6:saveDistance	16	static
Logger.c:38:6:saveTheta	16	static
Logger.c:43:6:saveCross	16	static
Logger.c:48:6:saveSide	16	static
Logger.c:53:6:saveDebug	16	static
Logger.c:70:6:ereaseLog	8	static
Logger.c:85:6:ereaseDebugLog	8	static
Logger.c:91:10:getDistanceLogSize	4	static
Logger.c:95:10:getCrossLogSize	4	static
Logger.c:99:10:getSideLogSize	4	static
Logger.c:103:10:getDebugLogSize	4	static
Logger.c:108:6:loadDistance	16	static
Logger.c:126:6:loadTheta	16	static
Logger.c:144:6:loadCross	16	static
Logger.c:162:6:loadSide	16	static
Logger.c:180:6:loadDebug	16	static
Logger.c:199:14:getDistanceArrayPointer	4	static
Logger.c:203:14:getThetaArrayPointer	4	static
Logger.c:207:14:getCrossArrayPointer	4	static
Logger.c:211:14:getSideArrayPointer	4	static
Logger.c:215:7:getDistanceLog	16	static
Logger.c:219:7:getThetaLog	16	static
Logger.c:223:7:getCrossLog	16	static
Logger.c:227:7:getSideLog	16	static
Logger.c:231:7:getDebugLog	16	static
