Logger.c:17:6:initLog	4	static
Logger.c:30:6:saveDistance	16	static
Logger.c:35:6:saveTheta	16	static
Logger.c:40:6:saveCross	16	static
Logger.c:45:6:saveSide	16	static
Logger.c:50:6:saveDebug	16	static
Logger.c:56:6:ereaseLog	8	static
Logger.c:71:6:ereaseDebugLog	8	static
Logger.c:77:10:getDistanceLogSize	4	static
Logger.c:81:10:getCrossLogSize	4	static
Logger.c:85:10:getSideLogSize	4	static
Logger.c:89:10:getDebugLogSize	4	static
Logger.c:94:6:loadDistance	16	static
Logger.c:112:6:loadTheta	16	static
Logger.c:130:6:loadCross	16	static
Logger.c:148:6:loadSide	16	static
Logger.c:166:6:loadDebug	16	static
Logger.c:185:14:getDistanceArrayPointer	4	static
Logger.c:189:14:getThetaArrayPointer	4	static
Logger.c:193:14:getCrossArrayPointer	4	static
Logger.c:197:14:getSideArrayPointer	4	static
Logger.c:201:7:getDistanceLog	16	static
Logger.c:205:7:getThetaLog	16	static
Logger.c:209:7:getCrossLog	16	static
Logger.c:213:7:getSideLog	16	static
Logger.c:217:7:getDebugLog	16	static
