main.c:107:1:__io_putchar	16	static
main.c:117:6:HAL_TIM_PeriodElapsedCallback	16	static
main.c:149:6:init	8	static
main.c:174:5:main	40	static
main.c:677:6:SystemClock_Config	88	static
main.c:722:13:MX_ADC1_Init	24	static
main.c:780:13:MX_ADC2_Init	24	static
main.c:918:13:MX_I2C1_Init	8	static
main.c:952:13:MX_SPI3_Init	8	static
main.c:990:13:MX_TIM1_Init	80	static
main.c:1054:13:MX_TIM3_Init	56	static
main.c:1103:13:MX_TIM4_Init	56	static
main.c:1152:13:MX_TIM6_Init	16	static
main.c:1190:13:MX_TIM7_Init	16	static
main.c:1228:13:MX_TIM8_Init	80	static
main.c:1297:13:MX_USART1_UART_Init	8	static
main.c:1328:13:MX_DMA_Init	16	static
main.c:1349:13:MX_GPIO_Init	48	static
main.c:1422:6:Error_Handler	4	static,ignoring_inline_asm
