main.c:106:1:__io_putchar	16	static
main.c:116:6:HAL_TIM_PeriodElapsedCallback	16	static
main.c:147:6:init	8	static
main.c:180:5:main	16	static
main.c:488:6:SystemClock_Config	88	static
main.c:533:13:MX_ADC1_Init	24	static
main.c:591:13:MX_ADC2_Init	24	static
main.c:729:13:MX_I2C1_Init	8	static
main.c:763:13:MX_SPI3_Init	8	static
main.c:801:13:MX_TIM1_Init	80	static
main.c:865:13:MX_TIM3_Init	56	static
main.c:914:13:MX_TIM4_Init	56	static
main.c:963:13:MX_TIM6_Init	16	static
main.c:1001:13:MX_TIM7_Init	16	static
main.c:1039:13:MX_TIM8_Init	80	static
main.c:1108:13:MX_USART1_UART_Init	8	static
main.c:1139:13:MX_DMA_Init	16	static
main.c:1160:13:MX_GPIO_Init	48	static
main.c:1233:6:Error_Handler	4	static,ignoring_inline_asm
