sideSensor.c:35:6:updateSideSensorStatus	4	static
sideSensor.c:52:6:setRunMode	16	static
sideSensor.c:56:6:isCrossLine	16	static
sideSensor.c:82:6:isTargetDistance	24	static
sideSensor.c:90:6:running	16	static
sideSensor.c:165:6:runningFlip	8	static
sideSensor.c:203:6:runningInit	8	static
sideSensor.c:225:6:saveLog	8	static
sideSensor.c:236:6:startLogging	8	static
sideSensor.c:243:6:stopLogging	4	static
sideSensor.c:248:6:startVelocityUpdate	8	static
sideSensor.c:258:6:stopVelocityUpdate	4	static
sideSensor.c:263:6:createVelocityTable	56	static
sideSensor.c:311:7:radius2Velocity	32	static
sideSensor.c:332:6:addDecelerationDistanceMergin	32	static
sideSensor.c:355:6:addAccelerationDistanceMergin	32	static
sideSensor.c:378:6:decelerateProcessing	40	static
sideSensor.c:393:6:accelerateProcessing	40	static
sideSensor.c:408:6:updateTargetVelocity	8	static
sideSensor.c:443:6:correctionTotalDistanceFromCrossLine	16	static
sideSensor.c:463:6:getgoalStatus	4	static
sideSensor.c:468:6:setVelocityRange	16	static
sideSensor.c:474:6:setAccDec	16	static
sideSensor.c:480:6:setStraightRadius	16	static
sideSensor.c:486:6:getSideSensorStatusL	4	static
sideSensor.c:491:6:getSideSensorStatusR	4	static
