sideSensor.c:53:6:updateSideSensorStatus	4	static
sideSensor.c:70:6:setRunMode	16	static
sideSensor.c:74:6:isCrossLine	16	static
sideSensor.c:100:6:isContinuousCurvature	24	static
sideSensor.c:126:6:isTargetDistance	24	static
sideSensor.c:134:6:running	16	static
sideSensor.c:223:6:runningFlip	8	static
sideSensor.c:307:6:runningInit	8	static
sideSensor.c:336:6:saveLog	8	static
sideSensor.c:364:6:startLogging	8	static
sideSensor.c:371:6:stopLogging	4	static
sideSensor.c:376:6:startTargetUpdate	8	static
sideSensor.c:382:6:stopTargetUpdate	4	static
sideSensor.c:387:6:startVelocityUpdate	8	static
sideSensor.c:398:6:stopVelocityUpdate	4	static
sideSensor.c:403:6:createVelocityTable	64	static
sideSensor.c:454:7:radius2Velocity	32	static
sideSensor.c:469:6:addDecelerationDistanceMergin	32	static
sideSensor.c:489:6:addAccelerationDistanceMergin	32	static
sideSensor.c:510:6:decelerateProcessing	40	static
sideSensor.c:525:6:accelerateProcessing	40	static
sideSensor.c:540:6:updateTargetVelocity	8	static
sideSensor.c:563:6:correctionTotalDistanceFromCrossLine	16	static
sideSensor.c:583:6:correctionTotalDistanceFromSideLine	16	static
sideSensor.c:652:6:getgoalStatus	4	static
sideSensor.c:657:6:getTargetUpdateflag	4	static
sideSensor.c:662:6:setVelocityRange	16	static
sideSensor.c:668:6:setAccDec	16	static
sideSensor.c:674:6:setStraightRadius	16	static
sideSensor.c:679:7:getRunMode	4	static
sideSensor.c:684:7:getMaxvelocity	4	static
sideSensor.c:689:7:getMinvelocity	4	static
sideSensor.c:695:6:getSideSensorStatusL	4	static
sideSensor.c:700:6:getSideSensorStatusR	4	static
