sideSensor.c:47:6:updateSideSensorStatus	4	static
sideSensor.c:64:6:setRunMode	16	static
sideSensor.c:68:6:isCrossLine	16	static
sideSensor.c:94:6:isContinuousCurvature	24	static
sideSensor.c:120:6:isTargetDistance	24	static
sideSensor.c:128:6:running	16	static
sideSensor.c:206:6:runningFlip	8	static
sideSensor.c:288:6:runningInit	8	static
sideSensor.c:317:6:saveLog	8	static
sideSensor.c:328:6:startLogging	8	static
sideSensor.c:335:6:stopLogging	4	static
sideSensor.c:340:6:startVelocityUpdate	8	static
sideSensor.c:351:6:stopVelocityUpdate	4	static
sideSensor.c:356:6:createVelocityTable	64	static
sideSensor.c:406:7:radius2Velocity	32	static
sideSensor.c:419:6:addDecelerationDistanceMergin	32	static
sideSensor.c:439:6:addAccelerationDistanceMergin	32	static
sideSensor.c:460:6:decelerateProcessing	40	static
sideSensor.c:475:6:accelerateProcessing	40	static
sideSensor.c:490:6:updateTargetVelocity	8	static
sideSensor.c:513:6:correctionTotalDistanceFromCrossLine	16	static
sideSensor.c:533:6:correctionTotalDistanceFromSideLine	16	static
sideSensor.c:554:6:CreateAcceleration	64	static
sideSensor.c:575:6:getgoalStatus	4	static
sideSensor.c:580:6:setVelocityRange	16	static
sideSensor.c:586:6:setAccDec	16	static
sideSensor.c:592:6:setStraightRadius	16	static
sideSensor.c:598:6:getSideSensorStatusL	4	static
sideSensor.c:603:6:getSideSensorStatusR	4	static
