sideSensor.c:54:6:updateSideSensorStatus	4	static
sideSensor.c:71:6:setRunMode	16	static
sideSensor.c:75:6:isCrossLine	16	static
sideSensor.c:99:6:isContinuousCurvature	24	static
sideSensor.c:125:6:isTargetDistance	24	static
sideSensor.c:133:6:running	24	static
sideSensor.c:238:6:runningFlip	8	static
sideSensor.c:318:6:runningInit	8	static
sideSensor.c:347:6:saveLog	8	static
sideSensor.c:377:6:startLogging	8	static
sideSensor.c:384:6:stopLogging	4	static
sideSensor.c:389:6:startTargetUpdate	8	static
sideSensor.c:399:6:stopTargetUpdate	4	static
sideSensor.c:404:6:startVelocityUpdate	8	static
sideSensor.c:415:6:stopVelocityUpdate	4	static
sideSensor.c:420:6:createVelocityTable	64	static
sideSensor.c:469:7:radius2Velocity	24	static
sideSensor.c:487:6:addDecelerationDistanceMergin	32	static
sideSensor.c:507:6:addAccelerationDistanceMergin	32	static
sideSensor.c:528:6:decelerateProcessing	40	static
sideSensor.c:543:6:accelerateProcessing	40	static
sideSensor.c:558:6:updateTargetVelocity	8	static
sideSensor.c:582:6:correctionTotalDistanceFromCrossLine	16	static
sideSensor.c:602:6:correctionTotalDistanceFromSideLine	16	static
sideSensor.c:649:6:getgoalStatus	4	static
sideSensor.c:654:6:getTargetUpdateflag	4	static
sideSensor.c:659:6:setVelocityRange	16	static
sideSensor.c:665:6:setAccDec	16	static
sideSensor.c:671:6:setStraightRadius	16	static
sideSensor.c:676:7:getRunMode	4	static
sideSensor.c:681:7:getControl_Mode	4	static
sideSensor.c:686:7:getMaxvelocity	4	static
sideSensor.c:691:7:getMinvelocity	4	static
sideSensor.c:696:6:getSideSensorStatusL	4	static
sideSensor.c:701:6:getSideSensorStatusR	4	static
