sideSensor.c:50:6:updateSideSensorStatus	4	static
sideSensor.c:67:6:setRunMode	16	static
sideSensor.c:71:6:isCrossLine	16	static
sideSensor.c:97:6:isContinuousCurvature	24	static
sideSensor.c:123:6:isTargetDistance	24	static
sideSensor.c:131:6:running	16	static
sideSensor.c:209:6:runningFlip	8	static
sideSensor.c:291:6:runningInit	8	static
sideSensor.c:321:6:saveLog	8	static
sideSensor.c:334:6:startLogging	8	static
sideSensor.c:341:6:stopLogging	4	static
sideSensor.c:346:6:startVelocityUpdate	8	static
sideSensor.c:357:6:stopVelocityUpdate	4	static
sideSensor.c:362:6:createVelocityTable	64	static
sideSensor.c:413:7:radius2Velocity	32	static
sideSensor.c:428:6:addDecelerationDistanceMergin	32	static
sideSensor.c:448:6:addAccelerationDistanceMergin	32	static
sideSensor.c:469:6:decelerateProcessing	40	static
sideSensor.c:484:6:accelerateProcessing	40	static
sideSensor.c:499:6:updateTargetVelocity	8	static
sideSensor.c:522:6:correctionTotalDistanceFromCrossLine	16	static
sideSensor.c:542:6:correctionTotalDistanceFromSideLine	16	static
sideSensor.c:590:6:getgoalStatus	4	static
sideSensor.c:595:6:setVelocityRange	16	static
sideSensor.c:601:6:setAccDec	16	static
sideSensor.c:607:6:setStraightRadius	16	static
sideSensor.c:613:6:getSideSensorStatusL	4	static
sideSensor.c:618:6:getSideSensorStatusR	4	static
