sideSensor.c:55:6:updateSideSensorStatus	4	static
sideSensor.c:72:6:setRunMode	16	static
sideSensor.c:76:6:isCrossLine	16	static
sideSensor.c:100:6:isContinuousCurvature	24	static
sideSensor.c:126:6:isTargetDistance	24	static
sideSensor.c:134:6:running	24	static
sideSensor.c:248:6:runningFlip	8	static
sideSensor.c:328:6:runningInit	8	static
sideSensor.c:357:6:saveLog	8	static
sideSensor.c:380:6:startLogging	8	static
sideSensor.c:387:6:stopLogging	4	static
sideSensor.c:392:6:startTargetUpdate	8	static
sideSensor.c:402:6:stopTargetUpdate	4	static
sideSensor.c:407:6:startVelocityUpdate	8	static
sideSensor.c:418:6:stopVelocityUpdate	4	static
sideSensor.c:423:6:CreateVelocityTable	64	static
sideSensor.c:471:7:radius2Velocity	24	static
sideSensor.c:489:6:addDecelerationDistanceMergin	32	static
sideSensor.c:509:6:addAccelerationDistanceMergin	32	static
sideSensor.c:530:6:decelerateProcessing	40	static
sideSensor.c:545:6:accelerateProcessing	40	static
sideSensor.c:560:6:updateTargetVelocity	8	static
sideSensor.c:583:6:correctionTotalDistanceFromCrossLine	16	static
sideSensor.c:603:6:correctionTotalDistanceFromSideLine	16	static
sideSensor.c:623:6:CreateAcceleration	80	static
sideSensor.c:649:6:getgoalStatus	4	static
sideSensor.c:654:6:getTargetUpdateflag	4	static
sideSensor.c:659:6:setVelocityRange	16	static
sideSensor.c:665:6:setAccDec	16	static
sideSensor.c:671:6:setStraightRadius	16	static
sideSensor.c:676:7:getRunMode	4	static
sideSensor.c:681:7:getControl_Mode	4	static
sideSensor.c:686:7:getMaxvelocity	4	static
sideSensor.c:691:7:getMinvelocity	4	static
sideSensor.c:696:6:getSideSensorStatusL	4	static
sideSensor.c:701:6:getSideSensorStatusR	4	static
