sideSensor.c:32:6:updateSideSensorStatus	4	static
sideSensor.c:54:6:setRunMode	16	static
sideSensor.c:58:6:isTargetDistance	24	static
sideSensor.c:66:6:running	16	static
sideSensor.c:142:6:runningFlip	8	static
sideSensor.c:158:6:runningInit	8	static
sideSensor.c:179:6:saveLog	8	static
sideSensor.c:190:6:startLogging	8	static
sideSensor.c:197:6:stopLogging	4	static
sideSensor.c:202:6:startVelocityUpdate	8	static
sideSensor.c:210:6:stopVelocityUpdate	4	static
sideSensor.c:215:6:createVelocityTable	56	static
sideSensor.c:263:7:radius2Velocity	32	static
sideSensor.c:284:6:addDecelerationDistanceMergin	32	static
sideSensor.c:307:6:addAccelerationDistanceMergin	32	static
sideSensor.c:330:6:decelerateProcessing	40	static
sideSensor.c:345:6:accelerateProcessing	40	static
sideSensor.c:360:6:updateTargetVelocity	8	static
sideSensor.c:395:6:getgoalStatus	4	static
sideSensor.c:400:6:setVelocityRange	16	static
sideSensor.c:406:6:setAccDec	16	static
sideSensor.c:412:6:setStraightRadius	16	static
sideSensor.c:418:6:getSideSensorStatusL	4	static
sideSensor.c:423:6:getSideSensorStatusR	4	static
