sideSensor.c:53:6:updateSideSensorStatus	4	static
sideSensor.c:70:6:setRunMode	16	static
sideSensor.c:74:6:isCrossLine	16	static
sideSensor.c:100:6:isContinuousCurvature	24	static
sideSensor.c:126:6:isTargetDistance	24	static
sideSensor.c:134:6:running	24	static
sideSensor.c:226:6:runningFlip	8	static
sideSensor.c:309:6:runningInit	8	static
sideSensor.c:338:6:saveLog	8	static
sideSensor.c:367:6:startLogging	8	static
sideSensor.c:374:6:stopLogging	4	static
sideSensor.c:379:6:startTargetUpdate	8	static
sideSensor.c:387:6:stopTargetUpdate	4	static
sideSensor.c:392:6:startVelocityUpdate	8	static
sideSensor.c:403:6:stopVelocityUpdate	4	static
sideSensor.c:408:6:createVelocityTable	64	static
sideSensor.c:459:7:radius2Velocity	32	static
sideSensor.c:474:6:addDecelerationDistanceMergin	32	static
sideSensor.c:494:6:addAccelerationDistanceMergin	32	static
sideSensor.c:515:6:decelerateProcessing	40	static
sideSensor.c:530:6:accelerateProcessing	40	static
sideSensor.c:545:6:updateTargetVelocity	8	static
sideSensor.c:568:6:correctionTotalDistanceFromCrossLine	16	static
sideSensor.c:588:6:correctionTotalDistanceFromSideLine	16	static
sideSensor.c:657:6:getgoalStatus	4	static
sideSensor.c:662:6:getTargetUpdateflag	4	static
sideSensor.c:667:6:setVelocityRange	16	static
sideSensor.c:673:6:setAccDec	16	static
sideSensor.c:679:6:setStraightRadius	16	static
sideSensor.c:684:7:getRunMode	4	static
sideSensor.c:689:7:getMaxvelocity	4	static
sideSensor.c:694:7:getMinvelocity	4	static
sideSensor.c:700:6:getSideSensorStatusL	4	static
sideSensor.c:705:6:getSideSensorStatusR	4	static
