sideSensor.c:32:6:updateSideSensorStatus	4	static
sideSensor.c:54:6:setRunMode	16	static
sideSensor.c:58:6:isTargetDistance	24	static
sideSensor.c:66:6:running	16	static
sideSensor.c:141:6:runningFlip	8	static
sideSensor.c:157:6:runningInit	8	static
sideSensor.c:178:6:saveLog	8	static
sideSensor.c:189:6:startLogging	8	static
sideSensor.c:196:6:stopLogging	4	static
sideSensor.c:201:6:startVelocityUpdate	8	static
sideSensor.c:209:6:stopVelocityUpdate	4	static
sideSensor.c:214:6:createVelocityTable	56	static
sideSensor.c:262:7:radius2Velocity	32	static
sideSensor.c:283:6:addDecelerationDistanceMergin	32	static
sideSensor.c:306:6:addAccelerationDistanceMergin	32	static
sideSensor.c:329:6:decelerateProcessing	40	static
sideSensor.c:344:6:accelerateProcessing	40	static
sideSensor.c:359:6:updateTargetVelocity	8	static
sideSensor.c:394:6:getgoalStatus	4	static
sideSensor.c:399:6:setVelocityRange	16	static
sideSensor.c:405:6:setAccDec	16	static
sideSensor.c:411:6:setStraightRadius	16	static
sideSensor.c:417:6:getSideSensorStatusL	4	static
sideSensor.c:422:6:getSideSensorStatusR	4	static
