sideSensor.c:50:6:updateSideSensorStatus	4	static
sideSensor.c:67:6:setRunMode	16	static
sideSensor.c:71:6:isCrossLine	16	static
sideSensor.c:97:6:isContinuousCurvature	24	static
sideSensor.c:123:6:isTargetDistance	24	static
sideSensor.c:131:6:running	16	static
sideSensor.c:212:6:runningFlip	8	static
sideSensor.c:295:6:runningInit	8	static
sideSensor.c:324:6:saveLog	8	static
sideSensor.c:348:6:startLogging	8	static
sideSensor.c:355:6:stopLogging	4	static
sideSensor.c:360:6:startTargetUpdate	8	static
sideSensor.c:366:6:stopTargetUpdate	4	static
sideSensor.c:371:6:startVelocityUpdate	8	static
sideSensor.c:382:6:stopVelocityUpdate	4	static
sideSensor.c:387:6:createVelocityTable	64	static
sideSensor.c:438:7:radius2Velocity	32	static
sideSensor.c:453:6:addDecelerationDistanceMergin	32	static
sideSensor.c:473:6:addAccelerationDistanceMergin	32	static
sideSensor.c:494:6:decelerateProcessing	40	static
sideSensor.c:509:6:accelerateProcessing	40	static
sideSensor.c:524:6:updateTargetVelocity	8	static
sideSensor.c:547:6:correctionTotalDistanceFromCrossLine	16	static
sideSensor.c:567:6:correctionTotalDistanceFromSideLine	16	static
sideSensor.c:636:6:getgoalStatus	4	static
sideSensor.c:641:6:getTargetUpdateflag	4	static
sideSensor.c:646:6:setVelocityRange	16	static
sideSensor.c:652:6:setAccDec	16	static
sideSensor.c:658:6:setStraightRadius	16	static
sideSensor.c:664:6:getSideSensorStatusL	4	static
sideSensor.c:669:6:getSideSensorStatusR	4	static
