sideSensor.c:49:6:updateSideSensorStatus	4	static
sideSensor.c:66:6:setRunMode	16	static
sideSensor.c:70:6:isCrossLine	16	static
sideSensor.c:94:6:isContinuousCurvature	24	static
sideSensor.c:118:6:isTargetDistance	24	static
sideSensor.c:126:6:running	16	static
sideSensor.c:205:6:runningFlip	8	static
sideSensor.c:286:6:runningInit	8	static
sideSensor.c:316:6:saveLog	8	static
sideSensor.c:336:6:startLogging	8	static
sideSensor.c:345:6:stopLogging	4	static
sideSensor.c:350:6:startDebugLogging	8	static
sideSensor.c:359:6:stopDebugLogging	4	static
sideSensor.c:364:6:startVelocityUpdate	8	static
sideSensor.c:375:6:stopVelocityUpdate	4	static
sideSensor.c:380:6:createVelocityTable	64	static
sideSensor.c:430:7:radius2Velocity	32	static
sideSensor.c:445:6:addDecelerationDistanceMergin	32	static
sideSensor.c:465:6:addAccelerationDistanceMergin	32	static
sideSensor.c:486:6:decelerateProcessing	40	static
sideSensor.c:501:6:accelerateProcessing	40	static
sideSensor.c:516:6:updateTargetVelocity	8	static
sideSensor.c:540:6:correctionTotalDistanceFromCrossLine	16	static
sideSensor.c:560:6:correctionTotalDistanceFromSideLine	16	static
sideSensor.c:608:6:getgoalStatus	4	static
sideSensor.c:613:6:getDebugflag	4	static
sideSensor.c:618:6:setVelocityRange	16	static
sideSensor.c:624:6:setAccDec	16	static
sideSensor.c:630:6:setStraightRadius	16	static
sideSensor.c:636:6:getSideSensorStatusL	4	static
sideSensor.c:641:6:getSideSensorStatusR	4	static
