sideSensor.c:56:6:updateSideSensorStatus	4	static
sideSensor.c:73:6:setRunMode	16	static
sideSensor.c:77:6:isCrossLine	16	static
sideSensor.c:101:6:isContinuousCurvature	24	static
sideSensor.c:127:6:isTargetDistance	24	static
sideSensor.c:135:6:running	24	static
sideSensor.c:240:6:runningFlip	8	static
sideSensor.c:320:6:runningInit	8	static
sideSensor.c:349:6:saveLog	8	static
sideSensor.c:372:6:startLogging	8	static
sideSensor.c:379:6:stopLogging	4	static
sideSensor.c:384:6:startTargetUpdate	8	static
sideSensor.c:394:6:stopTargetUpdate	4	static
sideSensor.c:399:6:startVelocityUpdate	8	static
sideSensor.c:410:6:stopVelocityUpdate	4	static
sideSensor.c:415:6:CreateVelocityTable	64	static
sideSensor.c:463:7:radius2Velocity	24	static
sideSensor.c:481:6:addDecelerationDistanceMergin	32	static
sideSensor.c:501:6:addAccelerationDistanceMergin	32	static
sideSensor.c:522:6:decelerateProcessing	40	static
sideSensor.c:537:6:accelerateProcessing	40	static
sideSensor.c:552:6:updateTargetVelocity	8	static
sideSensor.c:575:6:correctionTotalDistanceFromCrossLine	16	static
sideSensor.c:595:6:correctionTotalDistanceFromSideLine	16	static
sideSensor.c:641:6:getgoalStatus	4	static
sideSensor.c:646:6:getTargetUpdateflag	4	static
sideSensor.c:651:6:setVelocityRange	16	static
sideSensor.c:657:6:setAccDec	16	static
sideSensor.c:663:6:setStraightRadius	16	static
sideSensor.c:668:7:getRunMode	4	static
sideSensor.c:673:7:getControl_Mode	4	static
sideSensor.c:678:7:getMaxvelocity	4	static
sideSensor.c:683:7:getMinvelocity	4	static
sideSensor.c:688:6:getSideSensorStatusL	4	static
sideSensor.c:693:6:getSideSensorStatusR	4	static
