sideSensor.c:56:6:updateSideSensorStatus	4	static
sideSensor.c:73:6:setRunMode	16	static
sideSensor.c:77:6:isCrossLine	16	static
sideSensor.c:101:6:isContinuousCurvature	24	static
sideSensor.c:127:6:isTargetDistance	24	static
sideSensor.c:135:6:running	24	static
sideSensor.c:250:6:runningFlip	8	static
sideSensor.c:331:6:runningInit	8	static
sideSensor.c:360:6:saveLog	8	static
sideSensor.c:383:6:startLogging	8	static
sideSensor.c:390:6:stopLogging	4	static
sideSensor.c:395:6:startTargetUpdate	8	static
sideSensor.c:405:6:stopTargetUpdate	4	static
sideSensor.c:410:6:startVelocityUpdate	8	static
sideSensor.c:421:6:stopVelocityUpdate	4	static
sideSensor.c:426:6:CreateVelocityTable	56	static
sideSensor.c:490:7:radius2Velocity	24	static
sideSensor.c:508:6:addDecelerationDistanceMergin	32	static
sideSensor.c:528:6:addAccelerationDistanceMergin	32	static
sideSensor.c:549:6:decelerateProcessing	40	static
sideSensor.c:564:6:accelerateProcessing	40	static
sideSensor.c:579:6:updateTargetVelocity	8	static
sideSensor.c:602:6:correctionTotalDistanceFromCrossLine	16	static
sideSensor.c:622:6:correctionTotalDistanceFromSideLine	16	static
sideSensor.c:668:6:getgoalStatus	4	static
sideSensor.c:673:6:getTargetUpdateflag	4	static
sideSensor.c:678:6:setVelocityRange	16	static
sideSensor.c:684:6:setAccDec	16	static
sideSensor.c:690:6:setStraightRadius	16	static
sideSensor.c:695:7:getRunMode	4	static
sideSensor.c:700:7:getControl_Mode	4	static
sideSensor.c:705:7:getMaxvelocity	4	static
sideSensor.c:710:7:getMinvelocity	4	static
sideSensor.c:715:6:getSideSensorStatusL	4	static
sideSensor.c:720:6:getSideSensorStatusR	4	static
