sideSensor.c:56:6:updateSideSensorStatus	4	static
sideSensor.c:73:6:setRunMode	16	static
sideSensor.c:77:6:isCrossLine	16	static
sideSensor.c:101:6:isContinuousCurvature	24	static
sideSensor.c:127:6:isTargetDistance	24	static
sideSensor.c:135:6:running	24	static
sideSensor.c:250:6:runningFlip	8	static
sideSensor.c:335:6:runningInit	8	static
sideSensor.c:364:6:saveLog	8	static
sideSensor.c:387:6:startLogging	8	static
sideSensor.c:394:6:stopLogging	4	static
sideSensor.c:399:6:startTargetUpdate	8	static
sideSensor.c:409:6:stopTargetUpdate	4	static
sideSensor.c:414:6:startVelocityUpdate	8	static
sideSensor.c:425:6:stopVelocityUpdate	4	static
sideSensor.c:430:6:CreateVelocityTable	56	static
sideSensor.c:494:7:radius2Velocity	24	static
sideSensor.c:512:6:addDecelerationDistanceMergin	32	static
sideSensor.c:532:6:addAccelerationDistanceMergin	32	static
sideSensor.c:553:6:decelerateProcessing	40	static
sideSensor.c:568:6:accelerateProcessing	40	static
sideSensor.c:583:6:updateTargetVelocity	8	static
sideSensor.c:608:6:correctionTotalDistanceFromCrossLine	16	static
sideSensor.c:628:6:correctionTotalDistanceFromSideLine	16	static
sideSensor.c:674:6:getgoalStatus	4	static
sideSensor.c:679:6:getTargetUpdateflag	4	static
sideSensor.c:684:6:setVelocityRange	16	static
sideSensor.c:690:6:setAccDec	16	static
sideSensor.c:696:6:setStraightRadius	16	static
sideSensor.c:701:7:getRunMode	4	static
sideSensor.c:706:7:getControl_Mode	4	static
sideSensor.c:711:7:getMaxvelocity	4	static
sideSensor.c:716:7:getMinvelocity	4	static
sideSensor.c:721:6:getSideSensorStatusL	4	static
sideSensor.c:726:6:getSideSensorStatusR	4	static
