sideSensor.c:51:6:updateSideSensorStatus	4	static
sideSensor.c:68:6:setRunMode	16	static
sideSensor.c:72:6:isCrossLine	16	static
sideSensor.c:98:6:isContinuousCurvature	24	static
sideSensor.c:124:6:isTargetDistance	24	static
sideSensor.c:132:6:running	16	static
sideSensor.c:210:6:runningFlip	8	static
sideSensor.c:292:6:runningInit	8	static
sideSensor.c:322:6:saveLog	8	static
sideSensor.c:337:6:startLogging	8	static
sideSensor.c:344:6:stopLogging	4	static
sideSensor.c:349:6:startVelocityUpdate	8	static
sideSensor.c:360:6:stopVelocityUpdate	4	static
sideSensor.c:365:6:createVelocityTable	64	static
sideSensor.c:416:7:radius2Velocity	32	static
sideSensor.c:431:6:addDecelerationDistanceMergin	32	static
sideSensor.c:451:6:addAccelerationDistanceMergin	32	static
sideSensor.c:472:6:decelerateProcessing	40	static
sideSensor.c:487:6:accelerateProcessing	40	static
sideSensor.c:502:6:updateTargetVelocity	8	static
sideSensor.c:525:6:correctionTotalDistanceFromCrossLine	16	static
sideSensor.c:545:6:correctionTotalDistanceFromSideLine	16	static
sideSensor.c:592:6:CreateXYcoordinates	64	static
sideSensor.c:620:6:getgoalStatus	4	static
sideSensor.c:625:6:setVelocityRange	16	static
sideSensor.c:631:6:setAccDec	16	static
sideSensor.c:637:6:setStraightRadius	16	static
sideSensor.c:643:6:getSideSensorStatusL	4	static
sideSensor.c:648:6:getSideSensorStatusR	4	static
