sideSensor.c:40:6:updateSideSensorStatus	4	static
sideSensor.c:57:6:setRunMode	16	static
sideSensor.c:61:6:isCrossLine	16	static
sideSensor.c:87:6:isContinuousCurvature	24	static
sideSensor.c:113:6:isTargetDistance	24	static
sideSensor.c:121:6:running	16	static
sideSensor.c:199:6:runningFlip	8	static
sideSensor.c:281:6:runningInit	8	static
sideSensor.c:311:6:saveLog	8	static
sideSensor.c:324:6:startLogging	8	static
sideSensor.c:331:6:stopLogging	4	static
sideSensor.c:336:6:startVelocityUpdate	8	static
sideSensor.c:347:6:stopVelocityUpdate	4	static
sideSensor.c:352:6:createVelocityTable	64	static
sideSensor.c:402:7:radius2Velocity	32	static
sideSensor.c:415:6:addDecelerationDistanceMergin	32	static
sideSensor.c:435:6:addAccelerationDistanceMergin	32	static
sideSensor.c:456:6:decelerateProcessing	40	static
sideSensor.c:471:6:accelerateProcessing	40	static
sideSensor.c:486:6:updateTargetVelocity	8	static
sideSensor.c:509:6:correctionTotalDistanceFromCrossLine	16	static
sideSensor.c:529:6:correctionTotalDistanceFromSideLine	16	static
sideSensor.c:550:6:CreateAcceleration	32	static
sideSensor.c:562:6:SaveVelocityTable	16	static
sideSensor.c:571:6:getgoalStatus	4	static
sideSensor.c:576:6:setVelocityRange	16	static
sideSensor.c:582:6:setAccDec	16	static
sideSensor.c:588:6:setStraightRadius	16	static
sideSensor.c:594:6:getSideSensorStatusL	4	static
sideSensor.c:599:6:getSideSensorStatusR	4	static
