sideSensor.c:55:6:updateSideSensorStatus	4	static
sideSensor.c:72:6:setRunMode	16	static
sideSensor.c:76:6:isCrossLine	16	static
sideSensor.c:100:6:isContinuousCurvature	24	static
sideSensor.c:126:6:isTargetDistance	24	static
sideSensor.c:134:6:running	24	static
sideSensor.c:249:6:runningFlip	8	static
sideSensor.c:329:6:runningInit	8	static
sideSensor.c:358:6:saveLog	8	static
sideSensor.c:381:6:startLogging	8	static
sideSensor.c:388:6:stopLogging	4	static
sideSensor.c:393:6:startTargetUpdate	8	static
sideSensor.c:403:6:stopTargetUpdate	4	static
sideSensor.c:408:6:startVelocityUpdate	8	static
sideSensor.c:419:6:stopVelocityUpdate	4	static
sideSensor.c:424:6:CreateVelocityTable	64	static
sideSensor.c:472:7:radius2Velocity	24	static
sideSensor.c:490:6:addDecelerationDistanceMergin	32	static
sideSensor.c:510:6:addAccelerationDistanceMergin	32	static
sideSensor.c:531:6:decelerateProcessing	40	static
sideSensor.c:546:6:accelerateProcessing	40	static
sideSensor.c:561:6:updateTargetVelocity	8	static
sideSensor.c:584:6:correctionTotalDistanceFromCrossLine	16	static
sideSensor.c:604:6:correctionTotalDistanceFromSideLine	16	static
sideSensor.c:624:6:CreateAcceleration	80	static
sideSensor.c:650:6:getgoalStatus	4	static
sideSensor.c:655:6:getTargetUpdateflag	4	static
sideSensor.c:660:6:setVelocityRange	16	static
sideSensor.c:666:6:setAccDec	16	static
sideSensor.c:672:6:setStraightRadius	16	static
sideSensor.c:677:7:getRunMode	4	static
sideSensor.c:682:7:getControl_Mode	4	static
sideSensor.c:687:7:getMaxvelocity	4	static
sideSensor.c:692:7:getMinvelocity	4	static
sideSensor.c:697:6:getSideSensorStatusL	4	static
sideSensor.c:702:6:getSideSensorStatusR	4	static
