sideSensor.c:26:6:updateSideSensorStatus	4	static
sideSensor.c:48:6:setRunMode	16	static
sideSensor.c:52:6:isTargetDistance	24	static
sideSensor.c:60:6:running	16	static
sideSensor.c:131:6:runningFlip	8	static
sideSensor.c:146:6:runningInit	8	static
sideSensor.c:157:6:saveLog	8	static
sideSensor.c:164:6:startLogging	8	static
sideSensor.c:171:6:stopLogging	4	static
sideSensor.c:176:6:getgoalStatus	4	static
sideSensor.c:181:6:setVelocityRange	16	static
sideSensor.c:188:6:getSideSensorStatusL	4	static
sideSensor.c:193:6:getSideSensorStatusR	4	static
