sideSensor.c:50:6:updateSideSensorStatus	4	static
sideSensor.c:67:6:setRunMode	16	static
sideSensor.c:71:6:isCrossLine	16	static
sideSensor.c:97:6:isContinuousCurvature	24	static
sideSensor.c:123:6:isTargetDistance	24	static
sideSensor.c:131:6:running	16	static
sideSensor.c:209:6:runningFlip	8	static
sideSensor.c:291:6:runningInit	8	static
sideSensor.c:321:6:saveLog	8	static
sideSensor.c:336:6:startLogging	8	static
sideSensor.c:343:6:stopLogging	4	static
sideSensor.c:348:6:startVelocityUpdate	8	static
sideSensor.c:359:6:stopVelocityUpdate	4	static
sideSensor.c:364:6:createVelocityTable	64	static
sideSensor.c:415:7:radius2Velocity	32	static
sideSensor.c:430:6:addDecelerationDistanceMergin	32	static
sideSensor.c:450:6:addAccelerationDistanceMergin	32	static
sideSensor.c:471:6:decelerateProcessing	40	static
sideSensor.c:486:6:accelerateProcessing	40	static
sideSensor.c:501:6:updateTargetVelocity	8	static
sideSensor.c:524:6:correctionTotalDistanceFromCrossLine	16	static
sideSensor.c:544:6:correctionTotalDistanceFromSideLine	16	static
sideSensor.c:592:6:getgoalStatus	4	static
sideSensor.c:597:6:setVelocityRange	16	static
sideSensor.c:603:6:setAccDec	16	static
sideSensor.c:609:6:setStraightRadius	16	static
sideSensor.c:615:6:getSideSensorStatusL	4	static
sideSensor.c:620:6:getSideSensorStatusR	4	static
