sideSensor.c:50:6:updateSideSensorStatus	4	static
sideSensor.c:67:6:setRunMode	16	static
sideSensor.c:71:6:isCrossLine	16	static
sideSensor.c:97:6:isContinuousCurvature	24	static
sideSensor.c:123:6:isTargetDistance	24	static
sideSensor.c:131:6:running	16	static
sideSensor.c:213:6:runningFlip	8	static
sideSensor.c:296:6:runningInit	8	static
sideSensor.c:325:6:saveLog	8	static
sideSensor.c:350:6:startLogging	8	static
sideSensor.c:357:6:stopLogging	4	static
sideSensor.c:362:6:startTargetUpdate	8	static
sideSensor.c:368:6:stopTargetUpdate	4	static
sideSensor.c:373:6:startVelocityUpdate	8	static
sideSensor.c:384:6:stopVelocityUpdate	4	static
sideSensor.c:389:6:createVelocityTable	64	static
sideSensor.c:440:7:radius2Velocity	32	static
sideSensor.c:455:6:addDecelerationDistanceMergin	32	static
sideSensor.c:475:6:addAccelerationDistanceMergin	32	static
sideSensor.c:496:6:decelerateProcessing	40	static
sideSensor.c:511:6:accelerateProcessing	40	static
sideSensor.c:526:6:updateTargetVelocity	8	static
sideSensor.c:549:6:correctionTotalDistanceFromCrossLine	16	static
sideSensor.c:569:6:correctionTotalDistanceFromSideLine	16	static
sideSensor.c:638:6:getgoalStatus	4	static
sideSensor.c:643:6:getTargetUpdateflag	4	static
sideSensor.c:648:6:setVelocityRange	16	static
sideSensor.c:654:6:setAccDec	16	static
sideSensor.c:660:6:setStraightRadius	16	static
sideSensor.c:666:6:getSideSensorStatusL	4	static
sideSensor.c:671:6:getSideSensorStatusR	4	static
