sideSensor.c:50:6:updateSideSensorStatus	4	static
sideSensor.c:67:6:setRunMode	16	static
sideSensor.c:71:6:isCrossLine	16	static
sideSensor.c:97:6:isContinuousCurvature	24	static
sideSensor.c:123:6:isTargetDistance	24	static
sideSensor.c:131:6:running	16	static
sideSensor.c:212:6:runningFlip	8	static
sideSensor.c:295:6:runningInit	8	static
sideSensor.c:324:6:saveLog	8	static
sideSensor.c:343:6:startLogging	8	static
sideSensor.c:350:6:stopLogging	4	static
sideSensor.c:355:6:startTargetUpdate	8	static
sideSensor.c:364:6:stopTargetUpdate	4	static
sideSensor.c:369:6:startVelocityUpdate	8	static
sideSensor.c:380:6:stopVelocityUpdate	4	static
sideSensor.c:385:6:createVelocityTable	64	static
sideSensor.c:436:7:radius2Velocity	32	static
sideSensor.c:451:6:addDecelerationDistanceMergin	32	static
sideSensor.c:471:6:addAccelerationDistanceMergin	32	static
sideSensor.c:492:6:decelerateProcessing	40	static
sideSensor.c:507:6:accelerateProcessing	40	static
sideSensor.c:522:6:updateTargetVelocity	8	static
sideSensor.c:545:6:correctionTotalDistanceFromCrossLine	16	static
sideSensor.c:565:6:correctionTotalDistanceFromSideLine	16	static
sideSensor.c:634:6:getgoalStatus	4	static
sideSensor.c:639:6:getTargetUpdateflag	4	static
sideSensor.c:644:6:setVelocityRange	16	static
sideSensor.c:650:6:setAccDec	16	static
sideSensor.c:656:6:setStraightRadius	16	static
sideSensor.c:662:6:getSideSensorStatusL	4	static
sideSensor.c:667:6:getSideSensorStatusR	4	static
