sideSensor.c:39:6:updateSideSensorStatus	4	static
sideSensor.c:56:6:setRunMode	16	static
sideSensor.c:60:6:isCrossLine	16	static
sideSensor.c:86:6:isTargetDistance	24	static
sideSensor.c:94:6:running	16	static
sideSensor.c:169:6:runningFlip	8	static
sideSensor.c:233:6:runningInit	8	static
sideSensor.c:262:6:saveLog	8	static
sideSensor.c:273:6:startLogging	8	static
sideSensor.c:280:6:stopLogging	4	static
sideSensor.c:285:6:startVelocityUpdate	8	static
sideSensor.c:296:6:stopVelocityUpdate	4	static
sideSensor.c:301:6:createVelocityTable	64	static
sideSensor.c:349:7:radius2Velocity	32	static
sideSensor.c:370:6:addDecelerationDistanceMergin	32	static
sideSensor.c:390:6:addAccelerationDistanceMergin	32	static
sideSensor.c:411:6:decelerateProcessing	40	static
sideSensor.c:426:6:accelerateProcessing	40	static
sideSensor.c:441:6:updateTargetVelocity	8	static
sideSensor.c:463:6:correctionTotalDistanceFromCrossLine	16	static
sideSensor.c:483:6:correctionTotalDistanceFromSideLine	16	static
sideSensor.c:504:6:getgoalStatus	4	static
sideSensor.c:509:6:setVelocityRange	16	static
sideSensor.c:515:6:setAccDec	16	static
sideSensor.c:521:6:setStraightRadius	16	static
sideSensor.c:527:6:getSideSensorStatusL	4	static
sideSensor.c:532:6:getSideSensorStatusR	4	static
