sideSensor.c:54:6:updateSideSensorStatus	4	static
sideSensor.c:71:6:setRunMode	16	static
sideSensor.c:75:6:isCrossLine	16	static
sideSensor.c:99:6:isContinuousCurvature	24	static
sideSensor.c:125:6:isTargetDistance	24	static
sideSensor.c:133:6:running	24	static
sideSensor.c:238:6:runningFlip	8	static
sideSensor.c:318:6:runningInit	8	static
sideSensor.c:347:6:saveLog	8	static
sideSensor.c:370:6:startLogging	8	static
sideSensor.c:377:6:stopLogging	4	static
sideSensor.c:382:6:startTargetUpdate	8	static
sideSensor.c:392:6:stopTargetUpdate	4	static
sideSensor.c:397:6:startVelocityUpdate	8	static
sideSensor.c:408:6:stopVelocityUpdate	4	static
sideSensor.c:413:6:CreateVelocityTable	64	static
sideSensor.c:461:7:radius2Velocity	24	static
sideSensor.c:479:6:addDecelerationDistanceMergin	32	static
sideSensor.c:499:6:addAccelerationDistanceMergin	32	static
sideSensor.c:520:6:decelerateProcessing	40	static
sideSensor.c:535:6:accelerateProcessing	40	static
sideSensor.c:550:6:updateTargetVelocity	8	static
sideSensor.c:573:6:correctionTotalDistanceFromCrossLine	16	static
sideSensor.c:593:6:correctionTotalDistanceFromSideLine	16	static
sideSensor.c:639:6:getgoalStatus	4	static
sideSensor.c:644:6:getTargetUpdateflag	4	static
sideSensor.c:649:6:setVelocityRange	16	static
sideSensor.c:655:6:setAccDec	16	static
sideSensor.c:661:6:setStraightRadius	16	static
sideSensor.c:666:7:getRunMode	4	static
sideSensor.c:671:7:getControl_Mode	4	static
sideSensor.c:676:7:getMaxvelocity	4	static
sideSensor.c:681:7:getMinvelocity	4	static
sideSensor.c:686:6:getSideSensorStatusL	4	static
sideSensor.c:691:6:getSideSensorStatusR	4	static
