sideSensor.c:39:6:updateSideSensorStatus	4	static
sideSensor.c:56:6:setRunMode	16	static
sideSensor.c:60:6:isCrossLine	16	static
sideSensor.c:86:6:isContinuousCurvature	24	static
sideSensor.c:112:6:isTargetDistance	24	static
sideSensor.c:120:6:running	16	static
sideSensor.c:197:6:runningFlip	8	static
sideSensor.c:273:6:runningInit	8	static
sideSensor.c:302:6:saveLog	8	static
sideSensor.c:313:6:startLogging	8	static
sideSensor.c:320:6:stopLogging	4	static
sideSensor.c:325:6:startVelocityUpdate	8	static
sideSensor.c:336:6:stopVelocityUpdate	4	static
sideSensor.c:341:6:createVelocityTable	64	static
sideSensor.c:389:7:radius2Velocity	32	static
sideSensor.c:410:6:addDecelerationDistanceMergin	32	static
sideSensor.c:430:6:addAccelerationDistanceMergin	32	static
sideSensor.c:451:6:decelerateProcessing	40	static
sideSensor.c:466:6:accelerateProcessing	40	static
sideSensor.c:481:6:updateTargetVelocity	8	static
sideSensor.c:503:6:correctionTotalDistanceFromCrossLine	16	static
sideSensor.c:523:6:correctionTotalDistanceFromSideLine	16	static
sideSensor.c:544:6:getgoalStatus	4	static
sideSensor.c:549:6:setVelocityRange	16	static
sideSensor.c:555:6:setAccDec	16	static
sideSensor.c:561:6:setStraightRadius	16	static
sideSensor.c:567:6:getSideSensorStatusL	4	static
sideSensor.c:572:6:getSideSensorStatusR	4	static
