sideSensor.c:51:6:updateSideSensorStatus	4	static
sideSensor.c:68:6:setRunMode	16	static
sideSensor.c:72:6:isCrossLine	16	static
sideSensor.c:98:6:isContinuousCurvature	24	static
sideSensor.c:124:6:isTargetDistance	24	static
sideSensor.c:132:6:running	16	static
sideSensor.c:210:6:runningFlip	8	static
sideSensor.c:292:6:runningInit	8	static
sideSensor.c:323:6:saveLog	8	static
sideSensor.c:338:6:startLogging	8	static
sideSensor.c:345:6:stopLogging	4	static
sideSensor.c:350:6:startVelocityUpdate	8	static
sideSensor.c:361:6:stopVelocityUpdate	4	static
sideSensor.c:366:6:createVelocityTable	64	static
sideSensor.c:417:7:radius2Velocity	32	static
sideSensor.c:432:6:addDecelerationDistanceMergin	32	static
sideSensor.c:452:6:addAccelerationDistanceMergin	32	static
sideSensor.c:473:6:decelerateProcessing	40	static
sideSensor.c:488:6:accelerateProcessing	40	static
sideSensor.c:503:6:updateTargetVelocity	8	static
sideSensor.c:526:6:correctionTotalDistanceFromCrossLine	16	static
sideSensor.c:546:6:correctionTotalDistanceFromSideLine	16	static
sideSensor.c:593:6:CreateXYcoordinates	64	static
sideSensor.c:621:6:getgoalStatus	4	static
sideSensor.c:626:6:setVelocityRange	16	static
sideSensor.c:632:6:setAccDec	16	static
sideSensor.c:638:6:setStraightRadius	16	static
sideSensor.c:644:6:getSideSensorStatusL	4	static
sideSensor.c:649:6:getSideSensorStatusR	4	static
