sideSensor.c:48:6:updateSideSensorStatus	4	static
sideSensor.c:65:6:setRunMode	16	static
sideSensor.c:69:6:isCrossLine	16	static
sideSensor.c:93:6:isContinuousCurvature	24	static
sideSensor.c:117:6:isTargetDistance	24	static
sideSensor.c:125:6:running	16	static
sideSensor.c:201:6:runningFlip	8	static
sideSensor.c:281:6:runningInit	8	static
sideSensor.c:311:6:saveLog	8	static
sideSensor.c:326:6:startLogging	8	static
sideSensor.c:333:6:stopLogging	4	static
sideSensor.c:338:6:startVelocityUpdate	8	static
sideSensor.c:349:6:stopVelocityUpdate	4	static
sideSensor.c:354:6:createVelocityTable	64	static
sideSensor.c:404:7:radius2Velocity	32	static
sideSensor.c:419:6:addDecelerationDistanceMergin	32	static
sideSensor.c:439:6:addAccelerationDistanceMergin	32	static
sideSensor.c:460:6:decelerateProcessing	40	static
sideSensor.c:475:6:accelerateProcessing	40	static
sideSensor.c:490:6:updateTargetVelocity	8	static
sideSensor.c:513:6:correctionTotalDistanceFromCrossLine	16	static
sideSensor.c:533:6:correctionTotalDistanceFromSideLine	16	static
sideSensor.c:581:6:getgoalStatus	4	static
sideSensor.c:586:6:setVelocityRange	16	static
sideSensor.c:592:6:setAccDec	16	static
sideSensor.c:598:6:setStraightRadius	16	static
sideSensor.c:604:6:getSideSensorStatusL	4	static
sideSensor.c:609:6:getSideSensorStatusR	4	static
