sideSensor.c:32:6:updateSideSensorStatus	4	static
sideSensor.c:54:6:setRunMode	16	static
sideSensor.c:58:6:isTargetDistance	24	static
sideSensor.c:66:6:running	16	static
sideSensor.c:140:6:runningFlip	8	static
sideSensor.c:156:6:runningInit	8	static
sideSensor.c:177:6:saveLog	8	static
sideSensor.c:188:6:startLogging	8	static
sideSensor.c:195:6:stopLogging	4	static
sideSensor.c:200:6:startVelocityUpdate	8	static
sideSensor.c:208:6:stopVelocityUpdate	4	static
sideSensor.c:213:6:createVelocityTable	56	static
sideSensor.c:261:7:radius2Velocity	32	static
sideSensor.c:282:6:addDecelerationDistanceMergin	32	static
sideSensor.c:305:6:addAccelerationDistanceMergin	32	static
sideSensor.c:328:6:decelerateProcessing	40	static
sideSensor.c:343:6:accelerateProcessing	40	static
sideSensor.c:358:6:updateTargetVelocity	8	static
sideSensor.c:393:6:getgoalStatus	4	static
sideSensor.c:398:6:setVelocityRange	16	static
sideSensor.c:404:6:setAccDec	16	static
sideSensor.c:410:6:setStraightRadius	16	static
sideSensor.c:416:6:getSideSensorStatusL	4	static
sideSensor.c:421:6:getSideSensorStatusR	4	static
