sideSensor.c:53:6:updateSideSensorStatus	4	static
sideSensor.c:70:6:setRunMode	16	static
sideSensor.c:74:6:isCrossLine	16	static
sideSensor.c:100:6:isContinuousCurvature	24	static
sideSensor.c:126:6:isTargetDistance	24	static
sideSensor.c:134:6:running	16	static
sideSensor.c:212:6:runningFlip	8	static
sideSensor.c:294:6:runningInit	8	static
sideSensor.c:324:6:saveLog	8	static
sideSensor.c:337:6:startLogging	8	static
sideSensor.c:344:6:stopLogging	4	static
sideSensor.c:349:6:startVelocityUpdate	8	static
sideSensor.c:360:6:stopVelocityUpdate	4	static
sideSensor.c:365:6:createVelocityTable	64	static
sideSensor.c:416:7:radius2Velocity	32	static
sideSensor.c:431:6:addDecelerationDistanceMergin	32	static
sideSensor.c:451:6:addAccelerationDistanceMergin	32	static
sideSensor.c:472:6:decelerateProcessing	40	static
sideSensor.c:487:6:accelerateProcessing	40	static
sideSensor.c:502:6:updateTargetVelocity	8	static
sideSensor.c:525:6:updateLookaheadpoints	8	static
sideSensor.c:533:6:correctionTotalDistanceFromCrossLine	16	static
sideSensor.c:553:6:correctionTotalDistanceFromSideLine	16	static
sideSensor.c:601:6:PurepursuitCalculation	4	static
sideSensor.c:606:6:getgoalStatus	4	static
sideSensor.c:611:6:setVelocityRange	16	static
sideSensor.c:617:6:setAccDec	16	static
sideSensor.c:623:6:setStraightRadius	16	static
sideSensor.c:629:6:getSideSensorStatusL	4	static
sideSensor.c:634:6:getSideSensorStatusR	4	static
