sideSensor.c:49:6:updateSideSensorStatus	4	static
sideSensor.c:66:6:setRunMode	16	static
sideSensor.c:70:6:isCrossLine	16	static
sideSensor.c:94:6:isContinuousCurvature	24	static
sideSensor.c:118:6:isTargetDistance	24	static
sideSensor.c:126:6:running	16	static
sideSensor.c:205:6:runningFlip	8	static
sideSensor.c:286:6:runningInit	8	static
sideSensor.c:316:6:saveLog	8	static
sideSensor.c:335:6:startLogging	8	static
sideSensor.c:343:6:stopLogging	4	static
sideSensor.c:348:6:startDebugLogging	8	static
sideSensor.c:356:6:stopDebugLogging	4	static
sideSensor.c:361:6:startVelocityUpdate	8	static
sideSensor.c:372:6:stopVelocityUpdate	4	static
sideSensor.c:377:6:createVelocityTable	64	static
sideSensor.c:427:7:radius2Velocity	32	static
sideSensor.c:442:6:addDecelerationDistanceMergin	32	static
sideSensor.c:462:6:addAccelerationDistanceMergin	32	static
sideSensor.c:483:6:decelerateProcessing	40	static
sideSensor.c:498:6:accelerateProcessing	40	static
sideSensor.c:513:6:updateTargetVelocity	8	static
sideSensor.c:536:6:correctionTotalDistanceFromCrossLine	16	static
sideSensor.c:556:6:correctionTotalDistanceFromSideLine	16	static
sideSensor.c:604:6:getgoalStatus	4	static
sideSensor.c:609:6:getDebugflag	4	static
sideSensor.c:614:6:setVelocityRange	16	static
sideSensor.c:620:6:setAccDec	16	static
sideSensor.c:626:6:setStraightRadius	16	static
sideSensor.c:632:6:getSideSensorStatusL	4	static
sideSensor.c:637:6:getSideSensorStatusR	4	static
