sideSensor.c:54:6:updateSideSensorStatus	4	static
sideSensor.c:71:6:setRunMode	16	static
sideSensor.c:75:6:isCrossLine	16	static
sideSensor.c:99:6:isContinuousCurvature	24	static
sideSensor.c:125:6:isTargetDistance	24	static
sideSensor.c:133:6:running	24	static
sideSensor.c:233:6:runningFlip	8	static
sideSensor.c:313:6:runningInit	8	static
sideSensor.c:342:6:saveLog	8	static
sideSensor.c:371:6:startLogging	8	static
sideSensor.c:378:6:stopLogging	4	static
sideSensor.c:383:6:startTargetUpdate	8	static
sideSensor.c:391:6:stopTargetUpdate	4	static
sideSensor.c:396:6:startVelocityUpdate	8	static
sideSensor.c:407:6:stopVelocityUpdate	4	static
sideSensor.c:412:6:createVelocityTable	64	static
sideSensor.c:463:7:radius2Velocity	32	static
sideSensor.c:478:6:addDecelerationDistanceMergin	32	static
sideSensor.c:498:6:addAccelerationDistanceMergin	32	static
sideSensor.c:519:6:decelerateProcessing	40	static
sideSensor.c:534:6:accelerateProcessing	40	static
sideSensor.c:549:6:updateTargetVelocity	8	static
sideSensor.c:572:6:correctionTotalDistanceFromCrossLine	16	static
sideSensor.c:592:6:correctionTotalDistanceFromSideLine	16	static
sideSensor.c:639:6:getgoalStatus	4	static
sideSensor.c:644:6:getTargetUpdateflag	4	static
sideSensor.c:649:6:setVelocityRange	16	static
sideSensor.c:655:6:setAccDec	16	static
sideSensor.c:661:6:setStraightRadius	16	static
sideSensor.c:666:7:getRunMode	4	static
sideSensor.c:671:7:getControl_Mode	4	static
sideSensor.c:676:7:getMaxvelocity	4	static
sideSensor.c:681:7:getMinvelocity	4	static
sideSensor.c:686:6:getSideSensorStatusL	4	static
sideSensor.c:691:6:getSideSensorStatusR	4	static
