sideSensor.c:50:6:updateSideSensorStatus	4	static
sideSensor.c:67:6:setRunMode	16	static
sideSensor.c:71:6:isCrossLine	16	static
sideSensor.c:97:6:isContinuousCurvature	24	static
sideSensor.c:123:6:isTargetDistance	24	static
sideSensor.c:131:6:running	16	static
sideSensor.c:209:6:runningFlip	8	static
sideSensor.c:291:6:runningInit	8	static
sideSensor.c:320:6:saveLog	8	static
sideSensor.c:333:6:startLogging	8	static
sideSensor.c:340:6:stopLogging	4	static
sideSensor.c:345:6:startVelocityUpdate	8	static
sideSensor.c:356:6:stopVelocityUpdate	4	static
sideSensor.c:361:6:createVelocityTable	64	static
sideSensor.c:412:7:radius2Velocity	32	static
sideSensor.c:427:6:addDecelerationDistanceMergin	32	static
sideSensor.c:447:6:addAccelerationDistanceMergin	32	static
sideSensor.c:468:6:decelerateProcessing	40	static
sideSensor.c:483:6:accelerateProcessing	40	static
sideSensor.c:498:6:updateTargetVelocity	8	static
sideSensor.c:521:6:correctionTotalDistanceFromCrossLine	16	static
sideSensor.c:541:6:correctionTotalDistanceFromSideLine	16	static
sideSensor.c:562:6:CreateAcceleration	80	static
sideSensor.c:609:6:getgoalStatus	4	static
sideSensor.c:614:6:setVelocityRange	16	static
sideSensor.c:620:6:setAccDec	16	static
sideSensor.c:626:6:setStraightRadius	16	static
sideSensor.c:632:6:getSideSensorStatusL	4	static
sideSensor.c:637:6:getSideSensorStatusR	4	static
