sideSensor.c:53:6:updateSideSensorStatus	4	static
sideSensor.c:70:6:setRunMode	16	static
sideSensor.c:74:6:isCrossLine	16	static
sideSensor.c:100:6:isContinuousCurvature	24	static
sideSensor.c:126:6:isTargetDistance	24	static
sideSensor.c:134:6:running	16	static
sideSensor.c:212:6:runningFlip	8	static
sideSensor.c:295:6:runningInit	8	static
sideSensor.c:324:6:saveLog	8	static
sideSensor.c:352:6:startLogging	8	static
sideSensor.c:359:6:stopLogging	4	static
sideSensor.c:364:6:startTargetUpdate	8	static
sideSensor.c:370:6:stopTargetUpdate	4	static
sideSensor.c:375:6:startVelocityUpdate	8	static
sideSensor.c:386:6:stopVelocityUpdate	4	static
sideSensor.c:391:6:createVelocityTable	64	static
sideSensor.c:442:7:radius2Velocity	32	static
sideSensor.c:457:6:addDecelerationDistanceMergin	32	static
sideSensor.c:477:6:addAccelerationDistanceMergin	32	static
sideSensor.c:498:6:decelerateProcessing	40	static
sideSensor.c:513:6:accelerateProcessing	40	static
sideSensor.c:528:6:updateTargetVelocity	8	static
sideSensor.c:551:6:correctionTotalDistanceFromCrossLine	16	static
sideSensor.c:571:6:correctionTotalDistanceFromSideLine	16	static
sideSensor.c:640:6:getgoalStatus	4	static
sideSensor.c:645:6:getTargetUpdateflag	4	static
sideSensor.c:650:6:setVelocityRange	16	static
sideSensor.c:656:6:setAccDec	16	static
sideSensor.c:662:6:setStraightRadius	16	static
sideSensor.c:667:7:getRunMode	4	static
sideSensor.c:672:7:getMaxvelocity	4	static
sideSensor.c:678:6:getSideSensorStatusL	4	static
sideSensor.c:683:6:getSideSensorStatusR	4	static
