sideSensor.c:54:6:updateSideSensorStatus	4	static
sideSensor.c:71:6:setRunMode	16	static
sideSensor.c:75:6:isCrossLine	16	static
sideSensor.c:99:6:isContinuousCurvature	24	static
sideSensor.c:125:6:isTargetDistance	24	static
sideSensor.c:133:6:running	24	static
sideSensor.c:238:6:runningFlip	8	static
sideSensor.c:318:6:runningInit	8	static
sideSensor.c:347:6:saveLog	8	static
sideSensor.c:377:6:startLogging	8	static
sideSensor.c:384:6:stopLogging	4	static
sideSensor.c:389:6:startTargetUpdate	8	static
sideSensor.c:399:6:stopTargetUpdate	4	static
sideSensor.c:404:6:startVelocityUpdate	8	static
sideSensor.c:415:6:stopVelocityUpdate	4	static
sideSensor.c:420:6:createVelocityTable	64	static
sideSensor.c:473:7:radius2Velocity	24	static
sideSensor.c:491:6:addDecelerationDistanceMergin	32	static
sideSensor.c:511:6:addAccelerationDistanceMergin	32	static
sideSensor.c:532:6:decelerateProcessing	40	static
sideSensor.c:547:6:accelerateProcessing	40	static
sideSensor.c:562:6:updateTargetVelocity	8	static
sideSensor.c:586:6:correctionTotalDistanceFromCrossLine	16	static
sideSensor.c:606:6:correctionTotalDistanceFromSideLine	16	static
sideSensor.c:653:6:getgoalStatus	4	static
sideSensor.c:658:6:getTargetUpdateflag	4	static
sideSensor.c:663:6:setVelocityRange	16	static
sideSensor.c:669:6:setAccDec	16	static
sideSensor.c:675:6:setStraightRadius	16	static
sideSensor.c:680:7:getRunMode	4	static
sideSensor.c:685:7:getControl_Mode	4	static
sideSensor.c:690:7:getMaxvelocity	4	static
sideSensor.c:695:7:getMinvelocity	4	static
sideSensor.c:700:6:getSideSensorStatusL	4	static
sideSensor.c:705:6:getSideSensorStatusR	4	static
