sideSensor.c:50:6:updateSideSensorStatus	4	static
sideSensor.c:67:6:setRunMode	16	static
sideSensor.c:71:6:isCrossLine	16	static
sideSensor.c:97:6:isContinuousCurvature	24	static
sideSensor.c:123:6:isTargetDistance	24	static
sideSensor.c:131:6:running	16	static
sideSensor.c:209:6:runningFlip	8	static
sideSensor.c:291:6:runningInit	8	static
sideSensor.c:320:6:saveLog	8	static
sideSensor.c:333:6:startLogging	8	static
sideSensor.c:340:6:stopLogging	4	static
sideSensor.c:345:6:startVelocityUpdate	8	static
sideSensor.c:356:6:stopVelocityUpdate	4	static
sideSensor.c:361:6:createVelocityTable	64	static
sideSensor.c:411:7:radius2Velocity	32	static
sideSensor.c:424:6:addDecelerationDistanceMergin	32	static
sideSensor.c:444:6:addAccelerationDistanceMergin	32	static
sideSensor.c:465:6:decelerateProcessing	40	static
sideSensor.c:480:6:accelerateProcessing	40	static
sideSensor.c:495:6:updateTargetVelocity	8	static
sideSensor.c:518:6:correctionTotalDistanceFromCrossLine	16	static
sideSensor.c:538:6:correctionTotalDistanceFromSideLine	16	static
sideSensor.c:559:6:CreateAcceleration	72	static
sideSensor.c:583:6:getgoalStatus	4	static
sideSensor.c:588:6:setVelocityRange	16	static
sideSensor.c:594:6:setAccDec	16	static
sideSensor.c:600:6:setStraightRadius	16	static
sideSensor.c:606:6:getSideSensorStatusL	4	static
sideSensor.c:611:6:getSideSensorStatusR	4	static
