sideSensor.c:53:6:updateSideSensorStatus	4	static
sideSensor.c:70:6:setRunMode	16	static
sideSensor.c:74:6:isCrossLine	16	static
sideSensor.c:100:6:isContinuousCurvature	24	static
sideSensor.c:126:6:isTargetDistance	24	static
sideSensor.c:134:6:running	16	static
sideSensor.c:214:6:runningFlip	8	static
sideSensor.c:297:6:runningInit	8	static
sideSensor.c:326:6:saveLog	8	static
sideSensor.c:353:6:startLogging	8	static
sideSensor.c:360:6:stopLogging	4	static
sideSensor.c:365:6:startTargetUpdate	8	static
sideSensor.c:373:6:stopTargetUpdate	4	static
sideSensor.c:378:6:startVelocityUpdate	8	static
sideSensor.c:389:6:stopVelocityUpdate	4	static
sideSensor.c:394:6:createVelocityTable	64	static
sideSensor.c:445:7:radius2Velocity	32	static
sideSensor.c:460:6:addDecelerationDistanceMergin	32	static
sideSensor.c:480:6:addAccelerationDistanceMergin	32	static
sideSensor.c:501:6:decelerateProcessing	40	static
sideSensor.c:516:6:accelerateProcessing	40	static
sideSensor.c:531:6:updateTargetVelocity	8	static
sideSensor.c:554:6:correctionTotalDistanceFromCrossLine	16	static
sideSensor.c:574:6:correctionTotalDistanceFromSideLine	16	static
sideSensor.c:643:6:getgoalStatus	4	static
sideSensor.c:648:6:getTargetUpdateflag	4	static
sideSensor.c:653:6:setVelocityRange	16	static
sideSensor.c:659:6:setAccDec	16	static
sideSensor.c:665:6:setStraightRadius	16	static
sideSensor.c:670:7:getRunMode	4	static
sideSensor.c:675:7:getMaxvelocity	4	static
sideSensor.c:680:7:getMinvelocity	4	static
sideSensor.c:686:6:getSideSensorStatusL	4	static
sideSensor.c:691:6:getSideSensorStatusR	4	static
