Velocity_Ctrl.c:30:6:calculateVelocityControlFlip	48	static
Velocity_Ctrl.c:76:7:getVelocityControlTerm	4	static
Velocity_Ctrl.c:81:6:setTargetVelocity	16	static
Velocity_Ctrl.c:86:6:setTargetAcceleration	16	static
Velocity_Ctrl.c:91:7:setvariablespeed	8	static
Velocity_Ctrl.c:103:7:getCurrentVelocity	32	static
Velocity_Ctrl.c:115:7:getTargetVelocity	4	static
Velocity_Ctrl.c:120:6:startVelocityControl	4	static
Velocity_Ctrl.c:126:6:stopVelocityControl	4	static
Velocity_Ctrl.c:131:6:setClearFlagOfVelocityControlI	4	static
Velocity_Ctrl.c:136:6:setrunmode	16	static
