Velocity_Ctrl.c:31:6:calculateVelocityControlFlip	48	static
Velocity_Ctrl.c:84:7:getVelocityControlTerm	4	static
Velocity_Ctrl.c:89:6:setTargetVelocity	16	static
Velocity_Ctrl.c:94:6:setTargetAcceleration	16	static
Velocity_Ctrl.c:99:7:setvariablespeed	8	static
Velocity_Ctrl.c:111:7:getCurrentVelocity	32	static
Velocity_Ctrl.c:123:7:getTargetVelocity	4	static
Velocity_Ctrl.c:128:7:getTargetAcceleration	4	static
Velocity_Ctrl.c:133:7:getPID	4	static
Velocity_Ctrl.c:138:6:startVelocityControl	4	static
Velocity_Ctrl.c:144:6:stopVelocityControl	4	static
Velocity_Ctrl.c:149:6:setClearFlagOfVelocityControlI	4	static
